Component: ARM Compiler 5.06 (build 20) Tool: armlink [4d35a3]

==============================================================================

Small function inlining results

Inlined total of 0 calls.

==============================================================================

Section Cross References

    system_m051series.o(i.SystemCoreClockUpdate) refers to uidiv.o(.text) for __aeabi_uidivmod
    system_m051series.o(i.SystemCoreClockUpdate) refers to system_m051series.o(.data) for .data
    system_m051series.o(i.SystemCoreClockUpdate) refers to system_m051series.o(.constdata) for .constdata
    startup_m051series.o(RESET) refers to startup_m051series.o(STACK) for __initial_sp
    startup_m051series.o(RESET) refers to startup_m051series.o(.text) for Reset_Handler
    startup_m051series.o(RESET) refers to main.o(i.EINT0_IRQHandler) for EINT0_IRQHandler
    startup_m051series.o(RESET) refers to main.o(i.TMR0_IRQHandler) for TMR0_IRQHandler
    startup_m051series.o(RESET) refers to main.o(i.TMR1_IRQHandler) for TMR1_IRQHandler
    startup_m051series.o(RESET) refers to main.o(i.UART0_IRQHandler) for UART0_IRQHandler
    startup_m051series.o(RESET) refers to main.o(i.ADC_IRQHandler) for ADC_IRQHandler
    startup_m051series.o(.text) refers to system_m051series.o(i.SystemInit) for SystemInit
    startup_m051series.o(.text) refers to entry.o(.ARM.Collect$$$$00000000) for __main
    main.o(i.ADC_IRQHandler) refers to main.o(.data) for .data
    main.o(i.AdcSingleModeTest) refers to adc.o(i.ADC_Open) for ADC_Open
    main.o(i.AdcSingleModeTest) refers to adc.o(i.ADC_EnableInt) for ADC_EnableInt
    main.o(i.AdcSingleModeTest) refers to main.o(i.NVIC_EnableIRQ) for NVIC_EnableIRQ
    main.o(i.AdcSingleModeTest) refers to adc.o(i.ADC_DisableInt) for ADC_DisableInt
    main.o(i.AdcSingleModeTest) refers to ffltui.o(.text) for __aeabi_ui2f
    main.o(i.AdcSingleModeTest) refers to fscalb.o(.text) for __ARM_scalbnf
    main.o(i.AdcSingleModeTest) refers to f2d.o(.text) for __aeabi_f2d
    main.o(i.AdcSingleModeTest) refers to dmul.o(.text) for __aeabi_dmul
    main.o(i.AdcSingleModeTest) refers to d2f.o(.text) for __aeabi_d2f
    main.o(i.AdcSingleModeTest) refers to ddiv.o(.text) for __aeabi_ddiv
    main.o(i.AdcSingleModeTest) refers to dadd.o(.text) for __aeabi_drsub
    main.o(i.AdcSingleModeTest) refers to main.o(.data) for .data
    main.o(i.CLK_SysTickDelay) refers to system_m051series.o(.data) for CyclesPerUs
    main.o(i.COPY_UART_COMMAND_DATA) refers to main.o(.bss) for .bss
    main.o(i.Check_RTC_Dat) refers to main.o(.data) for .data
    main.o(i.Check_RTC_Dat) refers to main.o(.bss) for .bss
    main.o(i.EINT0_IRQHandler) refers to main.o(.data) for .data
    main.o(i.I2C_24CM02_ReadData) refers to main.o(i.CLK_SysTickDelay) for CLK_SysTickDelay
    main.o(i.I2C_24CM02_WriteData) refers to main.o(i.CLK_SysTickDelay) for CLK_SysTickDelay
    main.o(i.I2C_Init) refers to i2c.o(i.I2C_Open) for I2C_Open
    main.o(i.I2C_ReadData) refers to main.o(i.CLK_SysTickDelay) for CLK_SysTickDelay
    main.o(i.I2C_WriteData) refers to main.o(i.CLK_SysTickDelay) for CLK_SysTickDelay
    main.o(i.Inital_RTC_To_ADCII) refers to main.o(.data) for .data
    main.o(i.RESET_Gain) refers to main.o(.data) for .data
    main.o(i.Read_RTC_Data) refers to main.o(i.I2C_ReadData) for I2C_ReadData
    main.o(i.Read_RTC_Data) refers to main.o(.data) for .data
    main.o(i.SET_Gain) refers to main.o(.data) for .data
    main.o(i.SYS_Init) refers to clk.o(i.CLK_WaitClockReady) for CLK_WaitClockReady
    main.o(i.SYS_Init) refers to clk.o(i.CLK_EnableModuleClock) for CLK_EnableModuleClock
    main.o(i.SYS_Init) refers to clk.o(i.CLK_SetModuleClock) for CLK_SetModuleClock
    main.o(i.SYS_Init) refers to system_m051series.o(i.SystemCoreClockUpdate) for SystemCoreClockUpdate
    main.o(i.TMR0_IRQHandler) refers to uidiv.o(.text) for __aeabi_uidivmod
    main.o(i.TMR0_IRQHandler) refers to main.o(i.read_ext_adc) for read_ext_adc
    main.o(i.TMR0_IRQHandler) refers to main.o(i.delay_time) for delay_time
    main.o(i.TMR0_IRQHandler) refers to ffltui.o(.text) for __aeabi_ui2f
    main.o(i.TMR0_IRQHandler) refers to fdiv.o(.text) for __aeabi_fdiv
    main.o(i.TMR0_IRQHandler) refers to fadd.o(.text) for __aeabi_fsub
    main.o(i.TMR0_IRQHandler) refers to main.o(.data) for .data
    main.o(i.TMR0_IRQHandler) refers to main.o(.bss) for .bss
    main.o(i.TMR1_IRQHandler) refers to ffltui.o(.text) for __aeabi_ui2f
    main.o(i.TMR1_IRQHandler) refers to timer.o(i.TIMER_EnableCapture) for TIMER_EnableCapture
    main.o(i.TMR1_IRQHandler) refers to main.o(.bss) for .bss
    main.o(i.TMR1_IRQHandler) refers to main.o(.data) for .data
    main.o(i.Transfer_RTC_To_ADCII) refers to main.o(.data) for .data
    main.o(i.Transfer_RTC_To_ADCII) refers to main.o(.bss) for .bss
    main.o(i.Transfer_SAVE_COUNT_ADCII) refers to uidiv.o(.text) for __aeabi_uidivmod
    main.o(i.Transfer_SAVE_COUNT_ADCII) refers to main.o(.data) for .data
[...]
    printf6.o(i._printf_core) refers to printf6.o(i._printf_post_padding) for _printf_post_padding
    printf6.o(i._printf_core) refers to uidiv.o(.text) for __aeabi_uidivmod
    printf7.o(i.__0fprintf$7) refers to printf7.o(i._printf_core) for _printf_core
    printf7.o(i.__0fprintf$7) refers to retarget.o(i.fputc) for fputc
    printf7.o(i.__0printf$7) refers to printf7.o(i._printf_core) for _printf_core
    printf7.o(i.__0printf$7) refers to retarget.o(i.fputc) for fputc
    printf7.o(i.__0printf$7) refers to retarget.o(.data) for __stdout
    printf7.o(i.__0snprintf$7) refers to printf7.o(i._printf_core) for _printf_core
    printf7.o(i.__0snprintf$7) refers to printf7.o(i._snputc) for _snputc
    printf7.o(i.__0sprintf$7) refers to printf7.o(i._printf_core) for _printf_core
    printf7.o(i.__0sprintf$7) refers to printf7.o(i._sputc) for _sputc
    printf7.o(i.__0vfprintf$7) refers to printf7.o(i._printf_core) for _printf_core
    printf7.o(i.__0vfprintf$7) refers to retarget.o(i.fputc) for fputc
    printf7.o(i.__0vprintf$7) refers to printf7.o(i._printf_core) for _printf_core
    printf7.o(i.__0vprintf$7) refers to retarget.o(i.fputc) for fputc
    printf7.o(i.__0vprintf$7) refers to retarget.o(.data) for __stdout
    printf7.o(i.__0vsnprintf$7) refers to printf7.o(i._printf_core) for _printf_core
    printf7.o(i.__0vsnprintf$7) refers to printf7.o(i._snputc) for _snputc
    printf7.o(i.__0vsprintf$7) refers to printf7.o(i._printf_core) for _printf_core
    printf7.o(i.__0vsprintf$7) refers to printf7.o(i._sputc) for _sputc
    printf7.o(i._printf_core) refers to printf7.o(i._printf_pre_padding) for _printf_pre_padding
    printf7.o(i._printf_core) refers to printf7.o(i._printf_post_padding) for _printf_post_padding
    printf7.o(i._printf_core) refers to uldiv.o(.text) for __aeabi_uldivmod
    printf8.o(i.__0fprintf$8) refers to printf8.o(i._printf_core) for _printf_core
    printf8.o(i.__0fprintf$8) refers to retarget.o(i.fputc) for fputc
    printf8.o(i.__0printf$8) refers to printf8.o(i._printf_core) for _printf_core
    printf8.o(i.__0printf$8) refers to retarget.o(i.fputc) for fputc
    printf8.o(i.__0printf$8) refers to retarget.o(.data) for __stdout
    printf8.o(i.__0snprintf$8) refers to printf8.o(i._printf_core) for _printf_core
    printf8.o(i.__0snprintf$8) refers to printf8.o(i._snputc) for _snputc
    printf8.o(i.__0sprintf$8) refers to printf8.o(i._printf_core) for _printf_core
    printf8.o(i.__0sprintf$8) refers to printf8.o(i._sputc) for _sputc
    printf8.o(i.__0vfprintf$8) refers to printf8.o(i._printf_core) for _printf_core
    printf8.o(i.__0vfprintf$8) refers to retarget.o(i.fputc) for fputc
    printf8.o(i.__0vprintf$8) refers to printf8.o(i._printf_core) for _printf_core
    printf8.o(i.__0vprintf$8) refers to retarget.o(i.fputc) for fputc
    printf8.o(i.__0vprintf$8) refers to retarget.o(.data) for __stdout
    printf8.o(i.__0vsnprintf$8) refers to printf8.o(i._printf_core) for _printf_core
    printf8.o(i.__0vsnprintf$8) refers to printf8.o(i._snputc) for _snputc
    printf8.o(i.__0vsprintf$8) refers to printf8.o(i._printf_core) for _printf_core
    printf8.o(i.__0vsprintf$8) refers to printf8.o(i._sputc) for _sputc
    printf8.o(i._printf_core) refers to printf8.o(i._printf_pre_padding) for _printf_pre_padding
    printf8.o(i._printf_core) refers to printf8.o(i._printf_post_padding) for _printf_post_padding
    printf8.o(i._printf_core) refers to uldiv.o(.text) for __aeabi_uldivmod
    printfa.o(i.__0fprintf) refers (Special) to iusefp.o(.text) for __I$use$fp
    printfa.o(i.__0fprintf) refers to printfa.o(i._printf_core) for _printf_core
    printfa.o(i.__0fprintf) refers to retarget.o(i.fputc) for fputc
    printfa.o(i.__0printf) refers (Special) to iusefp.o(.text) for __I$use$fp
    printfa.o(i.__0printf) refers to printfa.o(i._printf_core) for _printf_core
    printfa.o(i.__0printf) refers to retarget.o(i.fputc) for fputc
    printfa.o(i.__0printf) refers to retarget.o(.data) for __stdout
    printfa.o(i.__0snprintf) refers (Special) to iusefp.o(.text) for __I$use$fp
    printfa.o(i.__0snprintf) refers to printfa.o(i._printf_core) for _printf_core
    printfa.o(i.__0snprintf) refers to printfa.o(i._snputc) for _snputc
    printfa.o(i.__0sprintf) refers (Special) to iusefp.o(.text) for __I$use$fp
    printfa.o(i.__0sprintf) refers to printfa.o(i._printf_core) for _printf_core
    printfa.o(i.__0sprintf) refers to printfa.o(i._sputc) for _sputc
    printfa.o(i.__0vfprintf) refers (Special) to iusefp.o(.text) for __I$use$fp
    printfa.o(i.__0vfprintf) refers to printfa.o(i._printf_core) for _printf_core
    printfa.o(i.__0vfprintf) refers to retarget.o(i.fputc) for fputc
    printfa.o(i.__0vprintf) refers (Special) to iusefp.o(.text) for __I$use$fp
    printfa.o(i.__0vprintf) refers to printfa.o(i._printf_core) for _printf_core
    printfa.o(i.__0vprintf) refers to retarget.o(i.fputc) for fputc
    printfa.o(i.__0vprintf) refers to retarget.o(.data) for __stdout
    printfa.o(i.__0vsnprintf) refers (Special) to iusefp.o(.text) for __I$use$fp
    printfa.o(i.__0vsnprintf) refers to printfa.o(i._printf_core) for _printf_core
    printfa.o(i.__0vsnprintf) refers to printfa.o(i._snputc) for _snputc
    printfa.o(i.__0vsprintf) refers (Special) to iusefp.o(.text) for __I$use$fp
    printfa.o(i.__0vsprintf) refers to printfa.o(i._printf_core) for _printf_core
    printfa.o(i.__0vsprintf) refers to printfa.o(i._sputc) for _sputc
    printfa.o(i._fp_digits) refers (Special) to iusefp.o(.text) for __I$use$fp
    printfa.o(i._fp_digits) refers to dmul.o(.text) for __aeabi_dmul
    printfa.o(i._fp_digits) refers to ddiv.o(.text) for __aeabi_ddiv
    printfa.o(i._fp_digits) refers to cdrcmple.o(.text) for __aeabi_cdrcmple
    printfa.o(i._fp_digits) refers to dadd.o(.text) for __aeabi_dadd
    printfa.o(i._fp_digits) refers to dfixul.o(.text) for __aeabi_d2ulz
    printfa.o(i._fp_digits) refers to uldiv.o(.text) for __aeabi_uldivmod
    printfa.o(i._printf_core) refers (Special) to iusefp.o(.text) for __I$use$fp
    printfa.o(i._printf_core) refers to printfa.o(i._printf_pre_padding) for _printf_pre_padding
    printfa.o(i._printf_core) refers to uldiv.o(.text) for __aeabi_uldivmod
    printfa.o(i._printf_core) refers to printfa.o(i._printf_post_padding) for _printf_post_padding
    printfa.o(i._printf_core) refers to printfa.o(i._fp_digits) for _fp_digits
    printfa.o(i._printf_core) refers to uidiv.o(.text) for __aeabi_uidivmod
    printfa.o(i._printf_post_padding) refers (Special) to iusefp.o(.text) for __I$use$fp
    printfa.o(i._printf_pre_padding) refers (Special) to iusefp.o(.text) for __I$use$fp
    printfa.o(i._snputc) refers (Special) to iusefp.o(.text) for __I$use$fp
    printfa.o(i._sputc) refers (Special) to iusefp.o(.text) for __I$use$fp
    fadd.o(.text) refers (Special) to iusefp.o(.text) for __I$use$fp
    fadd.o(.text) refers to fepilogue.o(.text) for _float_epilogue
    fmul.o(.text) refers (Special) to iusefp.o(.text) for __I$use$fp
    fdiv.o(.text) refers (Special) to iusefp.o(.text) for __I$use$fp
    fdiv.o(.text) refers to fepilogue.o(.text) for _float_round
    fscalb.o(.text) refers (Special) to iusefp.o(.text) for __I$use$fp
    dadd.o(.text) refers (Special) to iusefp.o(.text) for __I$use$fp
    dadd.o(.text) refers to llshl.o(.text) for __aeabi_llsl
    dadd.o(.text) refers to llsshr.o(.text) for __aeabi_lasr
    dadd.o(.text) refers to depilogue.o(.text) for _double_epilogue
    dmul.o(.text) refers (Special) to iusefp.o(.text) for __I$use$fp
    dmul.o(.text) refers to depilogue.o(.text) for _double_epilogue
    ddiv.o(.text) refers (Special) to iusefp.o(.text) for __I$use$fp
    ddiv.o(.text) refers to depilogue.o(.text) for _double_round
    fflti.o(.text) refers (Special) to iusefp.o(.text) for __I$use$fp
    fflti.o(.text) refers to fepilogue.o(.text) for _float_epilogue
    ffltui.o(.text) refers (Special) to iusefp.o(.text) for __I$use$fp
    ffltui.o(.text) refers to fepilogue.o(.text) for _float_epilogue
    dflti.o(.text) refers (Special) to iusefp.o(.text) for __I$use$fp
    dflti.o(.text) refers to depilogue.o(.text) for _double_epilogue
    dfltui.o(.text) refers (Special) to iusefp.o(.text) for __I$use$fp
    dfltui.o(.text) refers to depilogue.o(.text) for _double_epilogue
    ffixi.o(.text) refers (Special) to iusefp.o(.text) for __I$use$fp
    ffixui.o(.text) refers (Special) to iusefp.o(.text) for __I$use$fp
    dfixui.o(.text) refers (Special) to iusefp.o(.text) for __I$use$fp
    dfixui.o(.text) refers to llushr.o(.text) for __aeabi_llsr
    f2d.o(.text) refers (Special) to iusefp.o(.text) for __I$use$fp
    cdrcmple.o(.text) refers (Special) to iusefp.o(.text) for __I$use$fp
    d2f.o(.text) refers (Special) to iusefp.o(.text) for __I$use$fp
    d2f.o(.text) refers to fepilogue.o(.text) for _float_round
    cfcmple.o(.text) refers (Special) to iusefp.o(.text) for __I$use$fp
    cfrcmple.o(.text) refers (Special) to iusefp.o(.text) for __I$use$fp
    dunder.o(i.__mathlib_dbl_divzero) refers to ddiv.o(.text) for __aeabi_ddiv
    dunder.o(i.__mathlib_dbl_infnan) refers to dscalb.o(.text) for __ARM_scalbn
    dunder.o(i.__mathlib_dbl_infnan2) refers to dadd.o(.text) for __aeabi_dadd
    dunder.o(i.__mathlib_dbl_invalid) refers to ddiv.o(.text) for __aeabi_ddiv
    dunder.o(i.__mathlib_dbl_overflow) refers to dscalb.o(.text) for __ARM_scalbn
    dunder.o(i.__mathlib_dbl_posinfnan) refers to dmul.o(.text) for __aeabi_dmul
    dunder.o(i.__mathlib_dbl_underflow) refers to dscalb.o(.text) for __ARM_scalbn
    fpclassify.o(i.__ARM_fpclassify) refers (Special) to iusefp.o(.text) for __I$use$fp
    poly.o(i.__kernel_poly) refers (Special) to iusefp.o(.text) for __I$use$fp
    poly.o(i.__kernel_poly) refers to dmul.o(.text) for __aeabi_dmul
    poly.o(i.__kernel_poly) refers to dadd.o(.text) for __aeabi_dadd
    qnan.o(.constdata) refers (Special) to iusefp.o(.text) for __I$use$fp
    entry2.o(.ARM.Collect$$$$00000001) refers to entry2.o(.ARM.Collect$$$$00002712) for __lit__00000000
    entry2.o(.ARM.Collect$$$$00002712) refers to startup_m051series.o(STACK) for __initial_sp
    entry2.o(__vectab_stack_and_reset_area) refers to startup_m051series.o(STACK) for __initial_sp
    entry2.o(__vectab_stack_and_reset_area) refers to entry.o(.ARM.Collect$$$$00000000) for __main
    entry5.o(.ARM.Collect$$$$00000004) refers to init.o(.text) for __scatterload
    entry9a.o(.ARM.Collect$$$$0000000B) refers to main.o(i.main) for main
    entry9b.o(.ARM.Collect$$$$0000000C) refers to main.o(i.main) for main
    uldiv.o(.text) refers to llushr.o(.text) for __aeabi_llsr
    uldiv.o(.text) refers to llshl.o(.text) for __aeabi_llsl
    errno.o(i.__aeabi_errno_addr) refers to errno.o(.data) for .data
    errno.o(i.__read_errno) refers to errno.o(.data) for .data
    errno.o(i.__set_errno) refers to errno.o(.data) for .data
    depilogue.o(.text) refers to depilogue.o(i.__ARM_clz) for __ARM_clz
    depilogue.o(.text) refers to llshl.o(.text) for __aeabi_llsl
    depilogue.o(.text) refers to llushr.o(.text) for __aeabi_llsr
    dsqrt.o(.text) refers to llushr.o(.text) for __aeabi_llsr
    dsqrt.o(.text) refers to depilogue.o(.text) for _double_round
    dfixul.o(.text) refers to llushr.o(.text) for __aeabi_llsr
    dfixul.o(.text) refers to llshl.o(.text) for __aeabi_llsl
    init.o(.text) refers to entry5.o(.ARM.Collect$$$$00000004) for __main_after_scatterload


==============================================================================

Removing Unused input sections from the image.

    Removing system_m051series.o(.rev16_text), (4 bytes).
    Removing system_m051series.o(.revsh_text), (4 bytes).
    Removing startup_m051series.o(HEAP), (0 bytes).
    Removing main.o(.rev16_text), (4 bytes).
    Removing main.o(.revsh_text), (4 bytes).
    Removing main.o(i.myFloorRound), (56 bytes).
    Removing main.o(.bss), (32 bytes).
    Removing main.o(.data), (1 bytes).
    Removing main.o(.data), (1 bytes).
    Removing main.o(.data), (1 bytes).
    Removing main.o(.data), (1 bytes).
    Removing main.o(.data), (1 bytes).
    Removing main.o(.data), (4 bytes).
    Removing main.o(.data), (4 bytes).
    Removing main.o(.data), (4 bytes).
    Removing main.o(.data), (4 bytes).
    Removing main.o(.data), (4 bytes).
    Removing main.o(.data), (4 bytes).
    Removing main.o(.data), (1 bytes).
    Removing main.o(.data), (1 bytes).
    Removing main.o(.data), (3 bytes).
    Removing main.o(.data), (1 bytes).
    Removing main.o(.data), (1 bytes).
    Removing main.o(.data), (1 bytes).
    Removing main.o(.data), (1 bytes).
    Removing main.o(.data), (1 bytes).
    Removing main.o(.data), (1 bytes).
    Removing main.o(.data), (1 bytes).
    Removing main.o(.data), (1 bytes).
    Removing main.o(.data), (1 bytes).
    Removing main.o(.data), (1 bytes).
    Removing main.o(.data), (1 bytes).
    Removing main.o(.data), (1 bytes).
    Removing main.o(.data), (1 bytes).
    Removing main.o(.data), (1 bytes).
    Removing main.o(.data), (1 bytes).
    Removing main.o(.data), (1 bytes).
    Removing main.o(.data), (1 bytes).
    Removing main.o(.data), (1 bytes).
    Removing main.o(.data), (1 bytes).
    Removing main.o(.data), (1 bytes).
    Removing main.o(.data), (1 bytes).
    Removing main.o(.data), (1 bytes).
    Removing retarget.o(.rev16_text), (4 bytes).
    Removing retarget.o(.revsh_text), (4 bytes).
    Removing retarget.o(i.GetChar), (20 bytes).
    Removing retarget.o(i.IsDebugFifoEmpty), (16 bytes).
    Removing retarget.o(i.SendChar), (8 bytes).
    Removing retarget.o(i._ttywrch), (8 bytes).
    Removing retarget.o(i.ferror), (6 bytes).
    Removing retarget.o(i.fgetc), (8 bytes).
    Removing retarget.o(i.kbhit), (16 bytes).
    Removing retarget.o(.data), (4 bytes).
    Removing gpio.o(.rev16_text), (4 bytes).
    Removing gpio.o(.revsh_text), (4 bytes).
    Removing gpio.o(i.GPIO_DisableInt), (28 bytes).
    Removing uart.o(.rev16_text), (4 bytes).
    Removing uart.o(.revsh_text), (4 bytes).
    Removing uart.o(i.UART_ClearIntFlag), (64 bytes).
    Removing uart.o(i.UART_Close), (6 bytes).
    Removing uart.o(i.UART_DisableFlowCtrl), (12 bytes).
    Removing uart.o(i.UART_DisableInt), (36 bytes).
    Removing uart.o(i.UART_EnableFlowCtrl), (30 bytes).
    Removing uart.o(i.UART_EnableInt), (36 bytes).
    Removing uart.o(i.UART_Read), (44 bytes).
    Removing uart.o(i.UART_SelectIrDAMode), (120 bytes).
    Removing uart.o(i.UART_SelectLINMode), (24 bytes).
    Removing uart.o(i.UART_SelectRS485Mode), (32 bytes).
    Removing uart.o(i.UART_SetLine_Config), (116 bytes).
    Removing uart.o(i.UART_SetTimeoutCnt), (22 bytes).
    Removing uart.o(i.UART_Write), (44 bytes).
    Removing clk.o(.rev16_text), (4 bytes).
    Removing clk.o(.revsh_text), (4 bytes).
    Removing clk.o(i.CLK_DisableCKO), (16 bytes).
    Removing clk.o(i.CLK_DisableModuleClock), (28 bytes).
    Removing clk.o(i.CLK_DisablePLL), (16 bytes).
    Removing clk.o(i.CLK_DisableXtalRC), (16 bytes).
    Removing clk.o(i.CLK_EnableCKO), (44 bytes).
    Removing clk.o(i.CLK_EnablePLL), (320 bytes).
    Removing clk.o(i.CLK_EnableXtalRC), (16 bytes).
    Removing clk.o(i.CLK_GetCPUFreq), (16 bytes).
    Removing clk.o(i.CLK_GetHCLKFreq), (16 bytes).
    Removing clk.o(i.CLK_GetHXTFreq), (20 bytes).
    Removing clk.o(i.CLK_Idle), (32 bytes).
    Removing clk.o(i.CLK_PowerDown), (36 bytes).
    Removing clk.o(i.CLK_SetCoreClock), (60 bytes).
    Removing clk.o(i.CLK_SetHCLK), (36 bytes).
    Removing clk.o(i.CLK_SetSysTickClockSrc), (20 bytes).
    Removing sys.o(.rev16_text), (4 bytes).
    Removing sys.o(.revsh_text), (4 bytes).
    Removing sys.o(i.SYS_ClearResetSrc), (12 bytes).
    Removing sys.o(i.SYS_DisableBOD), (14 bytes).
    Removing sys.o(i.SYS_EnableBOD), (36 bytes).
    Removing sys.o(i.SYS_GetBODStatus), (12 bytes).
    Removing sys.o(i.SYS_GetResetSrc), (8 bytes).
    Removing sys.o(i.SYS_IsRegLocked), (16 bytes).
    Removing sys.o(i.SYS_ReadPDID), (8 bytes).
    Removing sys.o(i.SYS_ResetChip), (14 bytes).
    Removing timer.o(.rev16_text), (4 bytes).
    Removing timer.o(.revsh_text), (4 bytes).
    Removing timer.o(i.TIMER_Delay), (196 bytes).
    Removing timer.o(i.TIMER_DisableCapture), (10 bytes).
    Removing i2c.o(.rev16_text), (4 bytes).
    Removing i2c.o(.revsh_text), (4 bytes).
    Removing i2c.o(i.I2C_ClearTimeoutFlag), (10 bytes).
    Removing i2c.o(i.I2C_Close), (30 bytes).
    Removing i2c.o(i.I2C_DisableInt), (10 bytes).
    Removing i2c.o(i.I2C_DisableTimeout), (10 bytes).
    Removing i2c.o(i.I2C_DisableWakeup), (10 bytes).
    Removing i2c.o(i.I2C_EnableInt), (10 bytes).
    Removing i2c.o(i.I2C_EnableTimeout), (26 bytes).
    Removing i2c.o(i.I2C_EnableWakeup), (10 bytes).
    Removing i2c.o(i.I2C_GetBusClockFreq), (24 bytes).
    Removing i2c.o(i.I2C_GetData), (6 bytes).
    Removing i2c.o(i.I2C_GetIntFlag), (8 bytes).
    Removing i2c.o(i.I2C_GetStatus), (4 bytes).
    Removing i2c.o(i.I2C_SetBusClockFreq), (48 bytes).
    Removing i2c.o(i.I2C_SetData), (4 bytes).
    Removing i2c.o(i.I2C_SetSlaveAddr), (32 bytes).
    Removing i2c.o(i.I2C_SetSlaveAddrMask), (30 bytes).
    Removing i2c.o(i.I2C_Trigger), (48 bytes).
    Removing adc.o(.rev16_text), (4 bytes).
    Removing adc.o(.revsh_text), (4 bytes).
    Removing adc.o(i.ADC_Close), (22 bytes).
    Removing adc.o(i.ADC_DisableHWTrigger), (20 bytes).
    Removing adc.o(i.ADC_EnableHWTrigger), (60 bytes).
    Removing cdcmple.o(.text), (40 bytes).

127 unused section(s) (total 2404 bytes) removed from the image.

==============================================================================

Image Symbol Table

    Local Symbols

    Symbol Name                              Value     Ov Type        Size  Object(Section)

    RESET                                    0x00000000   Section      192  startup_m051series.o(RESET)
    ../clib/microlib/division.c              0x00000000   Number         0  uldiv.o ABSOLUTE
    ../clib/microlib/division.c              0x00000000   Number         0  idiv.o ABSOLUTE
    ../clib/microlib/division.c              0x00000000   Number         0  uidiv.o ABSOLUTE
    ../clib/microlib/errno.c                 0x00000000   Number         0  errno.o ABSOLUTE
    ../clib/microlib/init/entry.s            0x00000000   Number         0  entry7a.o ABSOLUTE
    ../clib/microlib/init/entry.s            0x00000000   Number         0  entry9b.o ABSOLUTE
    ../clib/microlib/init/entry.s            0x00000000   Number         0  entry7b.o ABSOLUTE
    ../clib/microlib/init/entry.s            0x00000000   Number         0  entry8a.o ABSOLUTE
    ../clib/microlib/init/entry.s            0x00000000   Number         0  entry8b.o ABSOLUTE
    ../clib/microlib/init/entry.s            0x00000000   Number         0  entry2.o ABSOLUTE
    ../clib/microlib/init/entry.s            0x00000000   Number         0  entry10a.o ABSOLUTE
    ../clib/microlib/init/entry.s            0x00000000   Number         0  entry10b.o ABSOLUTE
    ../clib/microlib/init/entry.s            0x00000000   Number         0  entry11a.o ABSOLUTE
    ../clib/microlib/init/entry.s            0x00000000   Number         0  entry11b.o ABSOLUTE
    ../clib/microlib/init/entry.s            0x00000000   Number         0  entry9a.o ABSOLUTE
    ../clib/microlib/init/entry.s            0x00000000   Number         0  entry.o ABSOLUTE
    ../clib/microlib/init/entry.s            0x00000000   Number         0  entry5.o ABSOLUTE
    ../clib/microlib/longlong.c              0x00000000   Number         0  llushr.o ABSOLUTE
    ../clib/microlib/longlong.c              0x00000000   Number         0  llshl.o ABSOLUTE
    ../clib/microlib/longlong.c              0x00000000   Number         0  llsshr.o ABSOLUTE
    ../clib/microlib/printf/printf.c         0x00000000   Number         0  printf5.o ABSOLUTE
    ../clib/microlib/printf/printf.c         0x00000000   Number         0  printf0.o ABSOLUTE
    ../clib/microlib/printf/printf.c         0x00000000   Number         0  printfb.o ABSOLUTE
    ../clib/microlib/printf/printf.c         0x00000000   Number         0  printf2.o ABSOLUTE
    ../clib/microlib/printf/printf.c         0x00000000   Number         0  printf3.o ABSOLUTE
    ../clib/microlib/printf/printf.c         0x00000000   Number         0  printf1.o ABSOLUTE
    ../clib/microlib/printf/printf.c         0x00000000   Number         0  printf4.o ABSOLUTE
    ../clib/microlib/printf/printf.c         0x00000000   Number         0  printfa.o ABSOLUTE
    ../clib/microlib/printf/printf.c         0x00000000   Number         0  printf8.o ABSOLUTE
    ../clib/microlib/printf/printf.c         0x00000000   Number         0  printf7.o ABSOLUTE
    ../clib/microlib/printf/printf.c         0x00000000   Number         0  printf6.o ABSOLUTE
    ../clib/microlib/printf/stubs.s          0x00000000   Number         0  stubs.o ABSOLUTE
    ../clib/microlib/string/memcpy.c         0x00000000   Number         0  memcpya.o ABSOLUTE
    ../clib/microlib/string/memcpy.c         0x00000000   Number         0  memcpyb.o ABSOLUTE
    ../clib/microlib/stubs.s                 0x00000000   Number         0  iusefp.o ABSOLUTE
    ../fplib/microlib/d2f.c                  0x00000000   Number         0  d2f.o ABSOLUTE
    ../fplib/microlib/f2d.c                  0x00000000   Number         0  f2d.o ABSOLUTE
    ../fplib/microlib/fpadd.c                0x00000000   Number         0  dadd.o ABSOLUTE
    ../fplib/microlib/fpadd.c                0x00000000   Number         0  fadd.o ABSOLUTE
    ../fplib/microlib/fpdiv.c                0x00000000   Number         0  ddiv.o ABSOLUTE
    ../fplib/microlib/fpdiv.c                0x00000000   Number         0  fdiv.o ABSOLUTE
    ../fplib/microlib/fpepilogue.c           0x00000000   Number         0  depilogue.o ABSOLUTE
    ../fplib/microlib/fpepilogue.c           0x00000000   Number         0  fepilogue.o ABSOLUTE
    ../fplib/microlib/fpfix.c                0x00000000   Number         0  ffixi.o ABSOLUTE
    ../fplib/microlib/fpfix.c                0x00000000   Number         0  ffixui.o ABSOLUTE
    ../fplib/microlib/fpfix.c                0x00000000   Number         0  dfixui.o ABSOLUTE
    ../fplib/microlib/fpfix.c                0x00000000   Number         0  dfixul.o ABSOLUTE
    ../fplib/microlib/fpflt.c                0x00000000   Number         0  dflti.o ABSOLUTE
    ../fplib/microlib/fpflt.c                0x00000000   Number         0  ffltui.o ABSOLUTE
    ../fplib/microlib/fpflt.c                0x00000000   Number         0  fflti.o ABSOLUTE
    ../fplib/microlib/fpflt.c                0x00000000   Number         0  dfltui.o ABSOLUTE
    ../fplib/microlib/fpmul.c                0x00000000   Number         0  fmul.o ABSOLUTE
    ../fplib/microlib/fpmul.c                0x00000000   Number         0  dmul.o ABSOLUTE
    ../fplib/microlib/fpscalb.c              0x00000000   Number         0  dscalb.o ABSOLUTE
    ../fplib/microlib/fpscalb.c              0x00000000   Number         0  fscalb.o ABSOLUTE
    ../fplib/microlib/fpsqrt.c               0x00000000   Number         0  dsqrt.o ABSOLUTE
    ../mathlib/ceil.c                        0x00000000   Number         0  ceil.o ABSOLUTE
    ../mathlib/dunder.c                      0x00000000   Number         0  dunder.o ABSOLUTE
    ../mathlib/floor.c                       0x00000000   Number         0  floor.o ABSOLUTE
    ../mathlib/fpclassify.c                  0x00000000   Number         0  fpclassify.o ABSOLUTE
    ../mathlib/poly.c                        0x00000000   Number         0  poly.o ABSOLUTE
    ../mathlib/pow.c                         0x00000000   Number         0  pow.o ABSOLUTE
    ../mathlib/pow.c                         0x00000000   Number         0  pow_x.o ABSOLUTE
    ../mathlib/qnan.c                        0x00000000   Number         0  qnan.o ABSOLUTE
    ../mathlib/sqrt.c                        0x00000000   Number         0  sqrt.o ABSOLUTE
    ../mathlib/sqrt.c                        0x00000000   Number         0  sqrt_x.o ABSOLUTE
    ..\..\Library\Device\Nuvoton\M051Series\Source\ARM\startup_M051Series.s 0x00000000   Number         0  startup_m051series.o ABSOLUTE
    ..\..\Library\Device\Nuvoton\M051Series\Source\system_M051Series.c 0x00000000   Number         0  system_m051series.o ABSOLUTE
    ..\..\Library\StdDriver\src\adc.c        0x00000000   Number         0  adc.o ABSOLUTE
    ..\..\Library\StdDriver\src\clk.c        0x00000000   Number         0  clk.o ABSOLUTE
    ..\..\Library\StdDriver\src\gpio.c       0x00000000   Number         0  gpio.o ABSOLUTE
    ..\..\Library\StdDriver\src\i2c.c        0x00000000   Number         0  i2c.o ABSOLUTE
    ..\..\Library\StdDriver\src\retarget.c   0x00000000   Number         0  retarget.o ABSOLUTE
    ..\..\Library\StdDriver\src\sys.c        0x00000000   Number         0  sys.o ABSOLUTE
    ..\..\Library\StdDriver\src\timer.c      0x00000000   Number         0  timer.o ABSOLUTE
    ..\..\Library\StdDriver\src\uart.c       0x00000000   Number         0  uart.o ABSOLUTE
    ..\\..\\Library\\Device\\Nuvoton\\M051Series\\Source\\system_M051Series.c 0x00000000   Number         0  system_m051series.o ABSOLUTE
    ..\\..\\Library\\StdDriver\\src\\adc.c   0x00000000   Number         0  adc.o ABSOLUTE
    ..\\..\\Library\\StdDriver\\src\\clk.c   0x00000000   Number         0  clk.o ABSOLUTE
    ..\\..\\Library\\StdDriver\\src\\gpio.c  0x00000000   Number         0  gpio.o ABSOLUTE
    ..\\..\\Library\\StdDriver\\src\\i2c.c   0x00000000   Number         0  i2c.o ABSOLUTE
    ..\\..\\Library\\StdDriver\\src\\retarget.c 0x00000000   Number         0  retarget.o ABSOLUTE
    ..\\..\\Library\\StdDriver\\src\\sys.c   0x00000000   Number         0  sys.o ABSOLUTE
    ..\\..\\Library\\StdDriver\\src\\timer.c 0x00000000   Number         0  timer.o ABSOLUTE
    ..\\..\\Library\\StdDriver\\src\\uart.c  0x00000000   Number         0  uart.o ABSOLUTE
    ..\\main.c                               0x00000000   Number         0  main.o ABSOLUTE
    ..\main.c                                0x00000000   Number         0  main.o ABSOLUTE
    cdcmple.s                                0x00000000   Number         0  cdcmple.o ABSOLUTE
    cdrcmple.s                               0x00000000   Number         0  cdrcmple.o ABSOLUTE
    cfcmple.s                                0x00000000   Number         0  cfcmple.o ABSOLUTE
    cfrcmple.s                               0x00000000   Number         0  cfrcmple.o ABSOLUTE
    handlers.s                               0x00000000   Number         0  handlers.o ABSOLUTE
    init.s                                   0x00000000   Number         0  init.o ABSOLUTE
    .ARM.Collect$$$$00000000                 0x000000c0   Section        0  entry.o(.ARM.Collect$$$$00000000)
    .ARM.Collect$$$$00000001                 0x000000c0   Section        4  entry2.o(.ARM.Collect$$$$00000001)
    .ARM.Collect$$$$00000004                 0x000000c4   Section        4  entry5.o(.ARM.Collect$$$$00000004)
    .ARM.Collect$$$$00000008                 0x000000c8   Section        0  entry7b.o(.ARM.Collect$$$$00000008)
    .ARM.Collect$$$$0000000A                 0x000000c8   Section        0  entry8b.o(.ARM.Collect$$$$0000000A)
    .ARM.Collect$$$$0000000B                 0x000000c8   Section        8  entry9a.o(.ARM.Collect$$$$0000000B)
    .ARM.Collect$$$$0000000D                 0x000000d0   Section        0  entry10a.o(.ARM.Collect$$$$0000000D)
    .ARM.Collect$$$$0000000F                 0x000000d0   Section        0  entry11a.o(.ARM.Collect$$$$0000000F)
    .ARM.Collect$$$$00002712                 0x000000d0   Section        4  entry2.o(.ARM.Collect$$$$00002712)
    __lit__00000000                          0x000000d0   Data           4  entry2.o(.ARM.Collect$$$$00002712)
    .text                                    0x000000d4   Section       76  startup_m051series.o(.text)
    Default_Handler                          0x000000ff   Thumb Code     2  startup_m051series.o(.text)
    .text                                    0x00000120   Section        0  uidiv.o(.text)
    .text                                    0x0000014c   Section        0  idiv.o(.text)
    .text                                    0x00000174   Section        0  memcpya.o(.text)
    .text                                    0x00000198   Section        0  fadd.o(.text)
    .text                                    0x0000024a   Section        0  fmul.o(.text)
    .text                                    0x000002c4   Section        0  fdiv.o(.text)
    .text                                    0x00000340   Section        0  fscalb.o(.text)
    .text                                    0x00000358   Section        0  dadd.o(.text)
    .text                                    0x000004bc   Section        0  dmul.o(.text)
    .text                                    0x0000058c   Section        0  ddiv.o(.text)
    .text                                    0x0000067c   Section        0  fflti.o(.text)
    .text                                    0x00000692   Section        0  ffltui.o(.text)
    .text                                    0x000006a0   Section        0  dflti.o(.text)
    .text                                    0x000006c8   Section        0  dfltui.o(.text)
    .text                                    0x000006e4   Section        0  ffixi.o(.text)
    .text                                    0x00000716   Section        0  ffixui.o(.text)
    .text                                    0x00000740   Section        0  dfixui.o(.text)
    .text                                    0x0000077c   Section        0  f2d.o(.text)
    .text                                    0x000007a4   Section       40  cdrcmple.o(.text)
    .text                                    0x000007cc   Section        0  d2f.o(.text)
    .text                                    0x00000804   Section       20  cfcmple.o(.text)
    .text                                    0x00000818   Section       20  cfrcmple.o(.text)
    .text                                    0x0000082c   Section        0  uldiv.o(.text)
    .text                                    0x0000088c   Section        0  llshl.o(.text)
    .text                                    0x000008ac   Section        0  llushr.o(.text)
    .text                                    0x000008ce   Section        0  llsshr.o(.text)
    .text                                    0x000008f4   Section        0  fepilogue.o(.text)
    .text                                    0x000008f4   Section        0  iusefp.o(.text)
    .text                                    0x00000976   Section        0  depilogue.o(.text)
    .text                                    0x00000a34   Section        0  dscalb.o(.text)
    .text                                    0x00000a60   Section        0  dsqrt.o(.text)
    .text                                    0x00000b04   Section        0  dfixul.o(.text)
    .text                                    0x00000b44   Section       36  init.o(.text)
    i.ADC_DisableInt                         0x00000b68   Section        0  adc.o(i.ADC_DisableInt)
    i.ADC_EnableInt                          0x00000b94   Section        0  adc.o(i.ADC_EnableInt)
    i.ADC_IRQHandler                         0x00000bc0   Section        0  main.o(i.ADC_IRQHandler)
    i.ADC_Open                               0x00000bd4   Section        0  adc.o(i.ADC_Open)
    i.AdcSingleModeTest                      0x00000bf8   Section        0  main.o(i.AdcSingleModeTest)
    i.CLK_EnableModuleClock                  0x00000dec   Section        0  clk.o(i.CLK_EnableModuleClock)
    i.CLK_GetPLLClockFreq                    0x00000e08   Section        0  uart.o(i.CLK_GetPLLClockFreq)
    CLK_GetPLLClockFreq                      0x00000e09   Thumb Code    70  uart.o(i.CLK_GetPLLClockFreq)
    i.CLK_SetModuleClock                     0x00000e60   Section        0  clk.o(i.CLK_SetModuleClock)
    i.CLK_SysTickDelay                       0x00000eb0   Section        0  main.o(i.CLK_SysTickDelay)
    CLK_SysTickDelay                         0x00000eb1   Thumb Code    26  main.o(i.CLK_SysTickDelay)
    i.CLK_WaitClockReady                     0x00000ed4   Section        0  clk.o(i.CLK_WaitClockReady)
    i.COPY_UART_COMMAND_DATA                 0x00000ef8   Section        0  main.o(i.COPY_UART_COMMAND_DATA)
    i.Check_RTC_Dat                          0x00000f18   Section        0  main.o(i.Check_RTC_Dat)
    i.EINT0_IRQHandler                       0x00000ff4   Section        0  main.o(i.EINT0_IRQHandler)
    i.GPIO_EnableInt                         0x00001034   Section        0  gpio.o(i.GPIO_EnableInt)
    i.GPIO_SetMode                           0x0000104e   Section        0  gpio.o(i.GPIO_SetMode)
    i.I2C_24CM02_ReadData                    0x00001078   Section        0  main.o(i.I2C_24CM02_ReadData)
    i.I2C_24CM02_WriteData                   0x00001190   Section        0  main.o(i.I2C_24CM02_WriteData)
    i.I2C_Init                               0x00001260   Section        0  main.o(i.I2C_Init)
    i.I2C_Open                               0x00001274   Section        0  i2c.o(i.I2C_Open)
    i.I2C_ReadData                           0x000012ac   Section        0  main.o(i.I2C_ReadData)
    i.I2C_WriteData                          0x00001398   Section        0  main.o(i.I2C_WriteData)
    i.Inital_RTC_To_ADCII                    0x0000143c   Section        0  main.o(i.Inital_RTC_To_ADCII)
    i.NVIC_EnableIRQ                         0x00001494   Section        0  main.o(i.NVIC_EnableIRQ)
    NVIC_EnableIRQ                           0x00001495   Thumb Code    14  main.o(i.NVIC_EnableIRQ)
    i.RESET_Gain                             0x000014a8   Section        0  main.o(i.RESET_Gain)
    i.Read_RTC_Data                          0x000014d4   Section        0  main.o(i.Read_RTC_Data)
    i.SET_Gain                               0x000014e8   Section        0  main.o(i.SET_Gain)
    i.SYS_Init                               0x00001510   Section        0  main.o(i.SYS_Init)
    i.SYS_ResetCPU                           0x000015d8   Section        0  sys.o(i.SYS_ResetCPU)
    i.SYS_ResetModule                        0x000015e6   Section        0  sys.o(i.SYS_ResetModule)
    i.SYS_UnlockReg                          0x00001604   Section        0  main.o(i.SYS_UnlockReg)
    SYS_UnlockReg                            0x00001605   Thumb Code    26  main.o(i.SYS_UnlockReg)
    i.SendChar_ToUART                        0x00001624   Section        0  retarget.o(i.SendChar_ToUART)
    i.SystemCoreClockUpdate                  0x00001644   Section        0  system_m051series.o(i.SystemCoreClockUpdate)
    i.SystemInit                             0x000016d4   Section        0  system_m051series.o(i.SystemInit)
    i.TIMER_Close                            0x000016d6   Section        0  timer.o(i.TIMER_Close)
    i.TIMER_DisableEventCounter              0x000016de   Section        0  timer.o(i.TIMER_DisableEventCounter)
    i.TIMER_EnableCapture                    0x000016ea   Section        0  timer.o(i.TIMER_EnableCapture)
    i.TIMER_EnableEventCounter               0x000016fe   Section        0  timer.o(i.TIMER_EnableEventCounter)
    i.TIMER_GetModuleClock                   0x00001714   Section        0  timer.o(i.TIMER_GetModuleClock)
    i.TIMER_Open                             0x0000177c   Section        0  timer.o(i.TIMER_Open)
    i.TMR0_IRQHandler                        0x000017dc   Section        0  main.o(i.TMR0_IRQHandler)
    i.TMR1_IRQHandler                        0x000019e4   Section        0  main.o(i.TMR1_IRQHandler)
    i.Transfer_RTC_To_ADCII                  0x00001a40   Section        0  main.o(i.Transfer_RTC_To_ADCII)
    i.Transfer_SAVE_COUNT_ADCII              0x00001ab8   Section        0  main.o(i.Transfer_SAVE_COUNT_ADCII)
    i.UART0_IRQHandler                       0x00001b20   Section        0  main.o(i.UART0_IRQHandler)
    i.UART0_Init                             0x00001b28   Section        0  main.o(i.UART0_Init)
    i.UART_Open                              0x00001b78   Section        0  uart.o(i.UART_Open)
    i.UART_TEST_HANDLE                       0x00001bf4   Section        0  main.o(i.UART_TEST_HANDLE)
    i.__0printf                              0x00001ff0   Section        0  printfa.o(i.__0printf)
    i.__ARM_clz                              0x00002010   Section        0  depilogue.o(i.__ARM_clz)
    i.__ARM_fpclassify                       0x00002040   Section        0  fpclassify.o(i.__ARM_fpclassify)
    i.__kernel_poly                          0x0000206c   Section        0  poly.o(i.__kernel_poly)
    i.__mathlib_dbl_divzero                  0x00002118   Section        0  dunder.o(i.__mathlib_dbl_divzero)
    i.__mathlib_dbl_infnan2                  0x0000212c   Section        0  dunder.o(i.__mathlib_dbl_infnan2)
    i.__mathlib_dbl_invalid                  0x00002134   Section        0  dunder.o(i.__mathlib_dbl_invalid)
    i.__mathlib_dbl_overflow                 0x00002144   Section        0  dunder.o(i.__mathlib_dbl_overflow)
    i.__mathlib_dbl_underflow                0x00002158   Section        0  dunder.o(i.__mathlib_dbl_underflow)
    i.__scatterload_copy                     0x0000216c   Section       14  handlers.o(i.__scatterload_copy)
    i.__scatterload_null                     0x0000217a   Section        2  handlers.o(i.__scatterload_null)
    i.__scatterload_zeroinit                 0x0000217c   Section       14  handlers.o(i.__scatterload_zeroinit)
    i.__set_errno                            0x0000218c   Section        0  errno.o(i.__set_errno)
    i._fp_digits                             0x00002198   Section        0  printfa.o(i._fp_digits)
    _fp_digits                               0x00002199   Thumb Code   316  printfa.o(i._fp_digits)
    i._printf_core                           0x000022f0   Section        0  printfa.o(i._printf_core)
    _printf_core                             0x000022f1   Thumb Code  1754  printfa.o(i._printf_core)
    i._printf_post_padding                   0x000029dc   Section        0  printfa.o(i._printf_post_padding)
    _printf_post_padding                     0x000029dd   Thumb Code    32  printfa.o(i._printf_post_padding)
    i._printf_pre_padding                    0x000029fc   Section        0  printfa.o(i._printf_pre_padding)
    _printf_pre_padding                      0x000029fd   Thumb Code    44  printfa.o(i._printf_pre_padding)
    i.check_command_set_data                 0x00002a28   Section        0  main.o(i.check_command_set_data)
    i.delay_time                             0x00002a48   Section        0  main.o(i.delay_time)
    i.fputc                                  0x00002a54   Section        0  retarget.o(i.fputc)
    i.init_ext_ad                            0x00002a60   Section        0  main.o(i.init_ext_ad)
    i.initial_command_set_data               0x00002a74   Section        0  main.o(i.initial_command_set_data)
    i.initial_measured_data                  0x00002b00   Section        0  main.o(i.initial_measured_data)
    i.main                                   0x00002b6c   Section        0  main.o(i.main)
    i.pow                                    0x00004590   Section        0  pow.o(i.pow)
    i.read_eeprom_command_set                0x00004f8c   Section        0  main.o(i.read_eeprom_command_set)
    i.read_ext_adc                           0x00004fa0   Section        0  main.o(i.read_ext_adc)
    i.read_measured_data_from_eeprom         0x00005010   Section        0  main.o(i.read_measured_data_from_eeprom)
    i.read_save_eeprom_address               0x00005084   Section        0  main.o(i.read_save_eeprom_address)
    i.save_measured_data_to_eeprom           0x00005098   Section        0  main.o(i.save_measured_data_to_eeprom)
    i.sqrt                                   0x00005100   Section        0  sqrt.o(i.sqrt)
    i.transfer_command_to_variables          0x00005148   Section        0  main.o(i.transfer_command_to_variables)
    i.update_RTC_from_uart                   0x00005178   Section        0  main.o(i.update_RTC_from_uart)
    i.update_command_from_uart               0x00005220   Section        0  main.o(i.update_command_from_uart)
    i.write_eeprom_command_set               0x00005244   Section        0  main.o(i.write_eeprom_command_set)
    i.write_save_eeprom_address              0x00005258   Section        0  main.o(i.write_save_eeprom_address)
    .constdata                               0x0000526c   Section       32  system_m051series.o(.constdata)
    .constdata                               0x0000528c   Section       48  uart.o(.constdata)
    .constdata                               0x000052bc   Section       32  timer.o(.constdata)
    .constdata                               0x000052e0   Section      136  pow.o(.constdata)
    bp                                       0x000052e0   Data          16  pow.o(.constdata)
    dp_h                                     0x000052f0   Data          16  pow.o(.constdata)
    dp_l                                     0x00005300   Data          16  pow.o(.constdata)
    L                                        0x00005310   Data          48  pow.o(.constdata)
    P                                        0x00005340   Data          40  pow.o(.constdata)
    .constdata                               0x00005368   Section        8  qnan.o(.constdata)
    .data                                    0x20000000   Section       12  system_m051series.o(.data)
    .data                                    0x2000000c   Section      560  main.o(.data)
    .data                                    0x2000023c   Section        4  retarget.o(.data)
    .data                                    0x20000240   Section        4  errno.o(.data)
    _errno                                   0x20000240   Data           4  errno.o(.data)
    .bss                                     0x20000244   Section     2984  main.o(.bss)
    STACK                                    0x20000df0   Section      512  startup_m051series.o(STACK)

    Global Symbols

    Symbol Name                              Value     Ov Type        Size  Object(Section)

    BuildAttributes$$THM_ISAv3M$S$PE$A:L22$X:L11$S22$IEEE1$IW$USESV6$~STKCKD$USESV7$~SHL$OTIME$ROPI$IEEEX$EBA8$MICROLIB$REQ8$PRES8$EABIv2 0x00000000   Number         0  anon$$obj.o ABSOLUTE
    __ARM_use_no_argv                        0x00000000   Number         0  main.o ABSOLUTE
    __Vectors                                0x00000000   Data           4  startup_m051series.o(RESET)
    _printf_a                                0x00000000   Number         0  stubs.o ABSOLUTE
    _printf_c                                0x00000000   Number         0  stubs.o ABSOLUTE
    _printf_charcount                        0x00000000   Number         0  stubs.o ABSOLUTE
    _printf_d                                0x00000000   Number         0  stubs.o ABSOLUTE
    _printf_e                                0x00000000   Number         0  stubs.o ABSOLUTE
    _printf_f                                0x00000000   Number         0  stubs.o ABSOLUTE
    _printf_flags                            0x00000000   Number         0  stubs.o ABSOLUTE
    _printf_fp_dec                           0x00000000   Number         0  stubs.o ABSOLUTE
    _printf_fp_hex                           0x00000000   Number         0  stubs.o ABSOLUTE
    _printf_g                                0x00000000   Number         0  stubs.o ABSOLUTE
    _printf_i                                0x00000000   Number         0  stubs.o ABSOLUTE
    _printf_int_dec                          0x00000000   Number         0  stubs.o ABSOLUTE
    _printf_l                                0x00000000   Number         0  stubs.o ABSOLUTE
    _printf_lc                               0x00000000   Number         0  stubs.o ABSOLUTE
    _printf_ll                               0x00000000   Number         0  stubs.o ABSOLUTE
    _printf_lld                              0x00000000   Number         0  stubs.o ABSOLUTE
    _printf_lli                              0x00000000   Number         0  stubs.o ABSOLUTE
    _printf_llo                              0x00000000   Number         0  stubs.o ABSOLUTE
    _printf_llu                              0x00000000   Number         0  stubs.o ABSOLUTE
    _printf_llx                              0x00000000   Number         0  stubs.o ABSOLUTE
    _printf_longlong_dec                     0x00000000   Number         0  stubs.o ABSOLUTE
    _printf_longlong_hex                     0x00000000   Number         0  stubs.o ABSOLUTE
    _printf_longlong_oct                     0x00000000   Number         0  stubs.o ABSOLUTE
    _printf_ls                               0x00000000   Number         0  stubs.o ABSOLUTE
    _printf_mbtowc                           0x00000000   Number         0  stubs.o ABSOLUTE
    _printf_n                                0x00000000   Number         0  stubs.o ABSOLUTE
    _printf_o                                0x00000000   Number         0  stubs.o ABSOLUTE
    _printf_p                                0x00000000   Number         0  stubs.o ABSOLUTE
    _printf_percent                          0x00000000   Number         0  stubs.o ABSOLUTE
    _printf_pre_padding                      0x00000000   Number         0  stubs.o ABSOLUTE
    _printf_return_value                     0x00000000   Number         0  stubs.o ABSOLUTE
    _printf_s                                0x00000000   Number         0  stubs.o ABSOLUTE
    _printf_sizespec                         0x00000000   Number         0  stubs.o ABSOLUTE
    _printf_str                              0x00000000   Number         0  stubs.o ABSOLUTE
    _printf_truncate_signed                  0x00000000   Number         0  stubs.o ABSOLUTE
    _printf_truncate_unsigned                0x00000000   Number         0  stubs.o ABSOLUTE
    _printf_u                                0x00000000   Number         0  stubs.o ABSOLUTE
    _printf_wc                               0x00000000   Number         0  stubs.o ABSOLUTE
    _printf_wctomb                           0x00000000   Number         0  stubs.o ABSOLUTE
    _printf_widthprec                        0x00000000   Number         0  stubs.o ABSOLUTE
    _printf_x                                0x00000000   Number         0  stubs.o ABSOLUTE
    __cpp_initialize__aeabi_                  - Undefined Weak Reference
    __cxa_finalize                            - Undefined Weak Reference
    __decompress                              - Undefined Weak Reference
    _clock_init                               - Undefined Weak Reference
    _microlib_exit                            - Undefined Weak Reference
    __main                                   0x000000c1   Thumb Code     0  entry.o(.ARM.Collect$$$$00000000)
    _main_stk                                0x000000c1   Thumb Code     0  entry2.o(.ARM.Collect$$$$00000001)
    _main_scatterload                        0x000000c5   Thumb Code     0  entry5.o(.ARM.Collect$$$$00000004)
    __main_after_scatterload                 0x000000c9   Thumb Code     0  entry5.o(.ARM.Collect$$$$00000004)
    _main_clock                              0x000000c9   Thumb Code     0  entry7b.o(.ARM.Collect$$$$00000008)
    _main_cpp_init                           0x000000c9   Thumb Code     0  entry8b.o(.ARM.Collect$$$$0000000A)
    _main_init                               0x000000c9   Thumb Code     0  entry9a.o(.ARM.Collect$$$$0000000B)
    __rt_final_cpp                           0x000000d1   Thumb Code     0  entry10a.o(.ARM.Collect$$$$0000000D)
    __rt_final_exit                          0x000000d1   Thumb Code     0  entry11a.o(.ARM.Collect$$$$0000000F)
    Reset_Handler                            0x000000d5   Thumb Code    32  startup_m051series.o(.text)
    NMI_Handler                              0x000000f5   Thumb Code     2  startup_m051series.o(.text)
    HardFault_Handler                        0x000000f7   Thumb Code     2  startup_m051series.o(.text)
    SVC_Handler                              0x000000f9   Thumb Code     2  startup_m051series.o(.text)
    PendSV_Handler                           0x000000fb   Thumb Code     2  startup_m051series.o(.text)
    SysTick_Handler                          0x000000fd   Thumb Code     2  startup_m051series.o(.text)
    ACMP01_IRQHandler                        0x000000ff   Thumb Code     0  startup_m051series.o(.text)
    ACMP23_IRQHandler                        0x000000ff   Thumb Code     0  startup_m051series.o(.text)
    BOD_IRQHandler                           0x000000ff   Thumb Code     0  startup_m051series.o(.text)
    EINT1_IRQHandler                         0x000000ff   Thumb Code     0  startup_m051series.o(.text)
    GPIOP0P1_IRQHandler                      0x000000ff   Thumb Code     0  startup_m051series.o(.text)
    GPIOP2P3P4_IRQHandler                    0x000000ff   Thumb Code     0  startup_m051series.o(.text)
    I2C0_IRQHandler                          0x000000ff   Thumb Code     0  startup_m051series.o(.text)
    I2C1_IRQHandler                          0x000000ff   Thumb Code     0  startup_m051series.o(.text)
    PWMA_IRQHandler                          0x000000ff   Thumb Code     0  startup_m051series.o(.text)
    PWMB_IRQHandler                          0x000000ff   Thumb Code     0  startup_m051series.o(.text)
    PWRWU_IRQHandler                         0x000000ff   Thumb Code     0  startup_m051series.o(.text)
    RTC_IRQHandler                           0x000000ff   Thumb Code     0  startup_m051series.o(.text)
    SPI0_IRQHandler                          0x000000ff   Thumb Code     0  startup_m051series.o(.text)
    SPI1_IRQHandler                          0x000000ff   Thumb Code     0  startup_m051series.o(.text)
    TMR2_IRQHandler                          0x000000ff   Thumb Code     0  startup_m051series.o(.text)
    TMR3_IRQHandler                          0x000000ff   Thumb Code     0  startup_m051series.o(.text)
    UART1_IRQHandler                         0x000000ff   Thumb Code     0  startup_m051series.o(.text)
    WDT_IRQHandler                           0x000000ff   Thumb Code     0  startup_m051series.o(.text)
    __aeabi_uidiv                            0x00000121   Thumb Code     0  uidiv.o(.text)
    __aeabi_uidivmod                         0x00000121   Thumb Code    44  uidiv.o(.text)
    __aeabi_idiv                             0x0000014d   Thumb Code     0  idiv.o(.text)
    __aeabi_idivmod                          0x0000014d   Thumb Code    40  idiv.o(.text)
    __aeabi_memcpy                           0x00000175   Thumb Code    36  memcpya.o(.text)
    __aeabi_memcpy4                          0x00000175   Thumb Code     0  memcpya.o(.text)
    __aeabi_memcpy8                          0x00000175   Thumb Code     0  memcpya.o(.text)
    __aeabi_fadd                             0x00000199   Thumb Code   162  fadd.o(.text)
    __aeabi_fsub                             0x0000023b   Thumb Code     8  fadd.o(.text)
    __aeabi_frsub                            0x00000243   Thumb Code     8  fadd.o(.text)
    __aeabi_fmul                             0x0000024b   Thumb Code   122  fmul.o(.text)
    __aeabi_fdiv                             0x000002c5   Thumb Code   124  fdiv.o(.text)
    __ARM_scalbnf                            0x00000341   Thumb Code    24  fscalb.o(.text)
    scalbnf                                  0x00000341   Thumb Code     0  fscalb.o(.text)
    __aeabi_dadd                             0x00000359   Thumb Code   328  dadd.o(.text)
    __aeabi_dsub                             0x000004a1   Thumb Code    12  dadd.o(.text)
    __aeabi_drsub                            0x000004ad   Thumb Code    12  dadd.o(.text)
    __aeabi_dmul                             0x000004bd   Thumb Code   202  dmul.o(.text)
    __aeabi_ddiv                             0x0000058d   Thumb Code   234  ddiv.o(.text)
    __aeabi_i2f                              0x0000067d   Thumb Code    22  fflti.o(.text)
    __aeabi_ui2f                             0x00000693   Thumb Code    14  ffltui.o(.text)
    __aeabi_i2d                              0x000006a1   Thumb Code    34  dflti.o(.text)
    __aeabi_ui2d                             0x000006c9   Thumb Code    24  dfltui.o(.text)
    __aeabi_f2iz                             0x000006e5   Thumb Code    50  ffixi.o(.text)
    __aeabi_f2uiz                            0x00000717   Thumb Code    40  ffixui.o(.text)
    __aeabi_d2uiz                            0x00000741   Thumb Code    50  dfixui.o(.text)
    __aeabi_f2d                              0x0000077d   Thumb Code    40  f2d.o(.text)
    __aeabi_cdrcmple                         0x000007a5   Thumb Code    38  cdrcmple.o(.text)
    __aeabi_d2f                              0x000007cd   Thumb Code    56  d2f.o(.text)
    __aeabi_cfcmpeq                          0x00000805   Thumb Code     0  cfcmple.o(.text)
    __aeabi_cfcmple                          0x00000805   Thumb Code    20  cfcmple.o(.text)
    __aeabi_cfrcmple                         0x00000819   Thumb Code    20  cfrcmple.o(.text)
    __aeabi_uldivmod                         0x0000082d   Thumb Code    96  uldiv.o(.text)
    __aeabi_llsl                             0x0000088d   Thumb Code    32  llshl.o(.text)
    _ll_shift_l                              0x0000088d   Thumb Code     0  llshl.o(.text)
    __aeabi_llsr                             0x000008ad   Thumb Code    34  llushr.o(.text)
    _ll_ushift_r                             0x000008ad   Thumb Code     0  llushr.o(.text)
    __aeabi_lasr                             0x000008cf   Thumb Code    38  llsshr.o(.text)
    _ll_sshift_r                             0x000008cf   Thumb Code     0  llsshr.o(.text)
    __I$use$fp                               0x000008f5   Thumb Code     0  iusefp.o(.text)
    _float_round                             0x000008f5   Thumb Code    16  fepilogue.o(.text)
    _float_epilogue                          0x00000905   Thumb Code   114  fepilogue.o(.text)
    _double_round                            0x00000977   Thumb Code    26  depilogue.o(.text)
    _double_epilogue                         0x00000991   Thumb Code   164  depilogue.o(.text)
    __ARM_scalbn                             0x00000a35   Thumb Code    44  dscalb.o(.text)
    scalbn                                   0x00000a35   Thumb Code     0  dscalb.o(.text)
    _dsqrt                                   0x00000a61   Thumb Code   162  dsqrt.o(.text)
    __aeabi_d2ulz                            0x00000b05   Thumb Code    54  dfixul.o(.text)
    __scatterload                            0x00000b45   Thumb Code    28  init.o(.text)
    __scatterload_rt2                        0x00000b45   Thumb Code     0  init.o(.text)
    ADC_DisableInt                           0x00000b69   Thumb Code    38  adc.o(i.ADC_DisableInt)
    ADC_EnableInt                            0x00000b95   Thumb Code    38  adc.o(i.ADC_EnableInt)
    ADC_IRQHandler                           0x00000bc1   Thumb Code    12  main.o(i.ADC_IRQHandler)
    ADC_Open                                 0x00000bd5   Thumb Code    28  adc.o(i.ADC_Open)
    AdcSingleModeTest                        0x00000bf9   Thumb Code   424  main.o(i.AdcSingleModeTest)
    CLK_EnableModuleClock                    0x00000ded   Thumb Code    24  clk.o(i.CLK_EnableModuleClock)
    CLK_SetModuleClock                       0x00000e61   Thumb Code    76  clk.o(i.CLK_SetModuleClock)
    CLK_WaitClockReady                       0x00000ed5   Thumb Code    28  clk.o(i.CLK_WaitClockReady)
    COPY_UART_COMMAND_DATA                   0x00000ef9   Thumb Code    26  main.o(i.COPY_UART_COMMAND_DATA)
    Check_RTC_Dat                            0x00000f19   Thumb Code   212  main.o(i.Check_RTC_Dat)
    EINT0_IRQHandler                         0x00000ff5   Thumb Code    56  main.o(i.EINT0_IRQHandler)
    GPIO_EnableInt                           0x00001035   Thumb Code    26  gpio.o(i.GPIO_EnableInt)
    GPIO_SetMode                             0x0000104f   Thumb Code    40  gpio.o(i.GPIO_SetMode)
    I2C_24CM02_ReadData                      0x00001079   Thumb Code   274  main.o(i.I2C_24CM02_ReadData)
    I2C_24CM02_WriteData                     0x00001191   Thumb Code   202  main.o(i.I2C_24CM02_WriteData)
    I2C_Init                                 0x00001261   Thumb Code    12  main.o(i.I2C_Init)
    I2C_Open                                 0x00001275   Thumb Code    50  i2c.o(i.I2C_Open)
    I2C_ReadData                             0x000012ad   Thumb Code   230  main.o(i.I2C_ReadData)
    I2C_WriteData                            0x00001399   Thumb Code   160  main.o(i.I2C_WriteData)
    Inital_RTC_To_ADCII                      0x0000143d   Thumb Code    82  main.o(i.Inital_RTC_To_ADCII)
    RESET_Gain                               0x000014a9   Thumb Code    32  main.o(i.RESET_Gain)
    Read_RTC_Data                            0x000014d5   Thumb Code    16  main.o(i.Read_RTC_Data)
    SET_Gain                                 0x000014e9   Thumb Code    26  main.o(i.SET_Gain)
    SYS_Init                                 0x00001511   Thumb Code   158  main.o(i.SYS_Init)
    SYS_ResetCPU                             0x000015d9   Thumb Code    14  sys.o(i.SYS_ResetCPU)
    SYS_ResetModule                          0x000015e7   Thumb Code    28  sys.o(i.SYS_ResetModule)
    SendChar_ToUART                          0x00001625   Thumb Code    26  retarget.o(i.SendChar_ToUART)
    SystemCoreClockUpdate                    0x00001645   Thumb Code   116  system_m051series.o(i.SystemCoreClockUpdate)
    SystemInit                               0x000016d5   Thumb Code     2  system_m051series.o(i.SystemInit)
    TIMER_Close                              0x000016d7   Thumb Code     8  timer.o(i.TIMER_Close)
    TIMER_DisableEventCounter                0x000016df   Thumb Code    12  timer.o(i.TIMER_DisableEventCounter)
    TIMER_EnableCapture                      0x000016eb   Thumb Code    20  timer.o(i.TIMER_EnableCapture)
    TIMER_EnableEventCounter                 0x000016ff   Thumb Code    22  timer.o(i.TIMER_EnableEventCounter)
    TIMER_GetModuleClock                     0x00001715   Thumb Code    82  timer.o(i.TIMER_GetModuleClock)
    TIMER_Open                               0x0000177d   Thumb Code    94  timer.o(i.TIMER_Open)
    TMR0_IRQHandler                          0x000017dd   Thumb Code   498  main.o(i.TMR0_IRQHandler)
    TMR1_IRQHandler                          0x000019e5   Thumb Code    76  main.o(i.TMR1_IRQHandler)
    Transfer_RTC_To_ADCII                    0x00001a41   Thumb Code   112  main.o(i.Transfer_RTC_To_ADCII)
    Transfer_SAVE_COUNT_ADCII                0x00001ab9   Thumb Code    92  main.o(i.Transfer_SAVE_COUNT_ADCII)
    UART0_IRQHandler                         0x00001b21   Thumb Code     8  main.o(i.UART0_IRQHandler)
    UART0_Init                               0x00001b29   Thumb Code    68  main.o(i.UART0_Init)
    UART_Open                                0x00001b79   Thumb Code   106  uart.o(i.UART_Open)
    UART_TEST_HANDLE                         0x00001bf5   Thumb Code   636  main.o(i.UART_TEST_HANDLE)
    __0printf                                0x00001ff1   Thumb Code    24  printfa.o(i.__0printf)
    __1printf                                0x00001ff1   Thumb Code     0  printfa.o(i.__0printf)
    __2printf                                0x00001ff1   Thumb Code     0  printfa.o(i.__0printf)
    __c89printf                              0x00001ff1   Thumb Code     0  printfa.o(i.__0printf)
    printf                                   0x00001ff1   Thumb Code     0  printfa.o(i.__0printf)
    __ARM_clz                                0x00002011   Thumb Code    46  depilogue.o(i.__ARM_clz)
    __ARM_fpclassify                         0x00002041   Thumb Code    40  fpclassify.o(i.__ARM_fpclassify)
    __kernel_poly                            0x0000206d   Thumb Code   172  poly.o(i.__kernel_poly)
    __mathlib_dbl_divzero                    0x00002119   Thumb Code    16  dunder.o(i.__mathlib_dbl_divzero)
    __mathlib_dbl_infnan2                    0x0000212d   Thumb Code     8  dunder.o(i.__mathlib_dbl_infnan2)
    __mathlib_dbl_invalid                    0x00002135   Thumb Code    16  dunder.o(i.__mathlib_dbl_invalid)
    __mathlib_dbl_overflow                   0x00002145   Thumb Code    16  dunder.o(i.__mathlib_dbl_overflow)
    __mathlib_dbl_underflow                  0x00002159   Thumb Code    14  dunder.o(i.__mathlib_dbl_underflow)
    __scatterload_copy                       0x0000216d   Thumb Code    14  handlers.o(i.__scatterload_copy)
    __scatterload_null                       0x0000217b   Thumb Code     2  handlers.o(i.__scatterload_null)
    __scatterload_zeroinit                   0x0000217d   Thumb Code    14  handlers.o(i.__scatterload_zeroinit)
    __set_errno                              0x0000218d   Thumb Code     6  errno.o(i.__set_errno)
    check_command_set_data                   0x00002a29   Thumb Code    32  main.o(i.check_command_set_data)
    delay_time                               0x00002a49   Thumb Code    12  main.o(i.delay_time)
    fputc                                    0x00002a55   Thumb Code    12  retarget.o(i.fputc)
    init_ext_ad                              0x00002a61   Thumb Code    14  main.o(i.init_ext_ad)
    initial_command_set_data                 0x00002a75   Thumb Code   134  main.o(i.initial_command_set_data)
    initial_measured_data                    0x00002b01   Thumb Code   102  main.o(i.initial_measured_data)
    main                                     0x00002b6d   Thumb Code  6620  main.o(i.main)
    pow                                      0x00004591   Thumb Code  2548  pow.o(i.pow)
    read_eeprom_command_set                  0x00004f8d   Thumb Code    16  main.o(i.read_eeprom_command_set)
    read_ext_adc                             0x00004fa1   Thumb Code   106  main.o(i.read_ext_adc)
    read_measured_data_from_eeprom           0x00005011   Thumb Code    86  main.o(i.read_measured_data_from_eeprom)
    read_save_eeprom_address                 0x00005085   Thumb Code    16  main.o(i.read_save_eeprom_address)
    save_measured_data_to_eeprom             0x00005099   Thumb Code    74  main.o(i.save_measured_data_to_eeprom)
    sqrt                                     0x00005101   Thumb Code    66  sqrt.o(i.sqrt)
    transfer_command_to_variables            0x00005149   Thumb Code    46  main.o(i.transfer_command_to_variables)
    update_RTC_from_uart                     0x00005179   Thumb Code   158  main.o(i.update_RTC_from_uart)
    update_command_from_uart                 0x00005221   Thumb Code    28  main.o(i.update_command_from_uart)
    write_eeprom_command_set                 0x00005245   Thumb Code    16  main.o(i.write_eeprom_command_set)
    write_save_eeprom_address                0x00005259   Thumb Code    16  main.o(i.write_save_eeprom_address)
    gau32ClkSrcTbl                           0x0000526c   Data          32  system_m051series.o(.constdata)
    __mathlib_zero                           0x00005368   Data           8  qnan.o(.constdata)
    Region$$Table$$Base                      0x00005370   Number         0  anon$$obj.o(Region$$Table)
    Region$$Table$$Limit                     0x00005390   Number         0  anon$$obj.o(Region$$Table)
    SystemCoreClock                          0x20000000   Data           4  system_m051series.o(.data)
    CyclesPerUs                              0x20000004   Data           4  system_m051series.o(.data)
    PllClock                                 0x20000008   Data           4  system_m051series.o(.data)
    wake_count                               0x2000000c   Data           1  main.o(.data)
    BR_count                                 0x2000000d   Data           1  main.o(.data)
    finish                                   0x2000000e   Data           1  main.o(.data)
    select_freq_range                        0x2000000f   Data           1  main.o(.data)
    AC_counter                               0x20000010   Data           1  main.o(.data)
    g_uEint0_Scan_Event_Flag                 0x20000011   Data           1  main.o(.data)
    g_uEint0_Save_Event_Flag                 0x20000012   Data           1  main.o(.data)
    unit_counter                             0x20000013   Data           1  main.o(.data)
    gucOutputVoltageType                     0x20000014   Data           1  main.o(.data)
    gucOutputVoltagePeak                     0x20000015   Data           1  main.o(.data)
    algorithm_open                           0x20000016   Data           1  main.o(.data)
    wakeup                                   0x20000017   Data           1  main.o(.data)
    gucGainTableIndex                        0x20000018   Data           1  main.o(.data)
    gucUartReceivePointer                    0x20000019   Data           1  main.o(.data)
    gucUartCommandSucceed                    0x2000001a   Data           1  main.o(.data)
    gucUartCommandType                       0x2000001b   Data           1  main.o(.data)
    select_type                              0x2000001c   Data           1  main.o(.data)
    timer0_check                             0x2000001d   Data           1  main.o(.data)
    dig3_hun                                 0x2000001e   Data           1  main.o(.data)
    dig3_ten                                 0x2000001f   Data           1  main.o(.data)
    dig3_one                                 0x20000020   Data           1  main.o(.data)
    dig3_pointone                            0x20000021   Data           1  main.o(.data)
    dig3_pointtwo                            0x20000022   Data           1  main.o(.data)
    dig3_pointthree                          0x20000023   Data           1  main.o(.data)
    dig_thou                                 0x20000024   Data           1  main.o(.data)
    dig_hun                                  0x20000025   Data           1  main.o(.data)
    dig_tens                                 0x20000026   Data           1  main.o(.data)
    dig_ones                                 0x20000027   Data           1  main.o(.data)
    dig_zeros                                0x20000028   Data           1  main.o(.data)
    dig_pointzeros                           0x20000029   Data           1  main.o(.data)
    dig_pointones                            0x2000002a   Data           1  main.o(.data)
    dig2_thouthou                            0x2000002b   Data           1  main.o(.data)
    dig2_hunthou                             0x2000002c   Data           1  main.o(.data)
    dig2_tenthou                             0x2000002d   Data           1  main.o(.data)
    dig2_thou                                0x2000002e   Data           1  main.o(.data)
    dig2_hun                                 0x2000002f   Data           1  main.o(.data)
    dig2_tens                                0x20000030   Data           1  main.o(.data)
    dig2_ones                                0x20000031   Data           1  main.o(.data)
    save_eeprom_counter                      0x20000032   Data           2  main.o(.data)
    coef_e                                   0x20000034   Data           4  main.o(.data)
    strain_coeffic                           0x20000038   Data           4  main.o(.data)
    stri_counter                             0x2000003c   Data           4  main.o(.data)
    gucT0Index                               0x20000040   Data           4  main.o(.data)
    gucindex_range                           0x20000044   Data           4  main.o(.data)
    button_range_min                         0x20000048   Data           4  main.o(.data)
    button_range_max                         0x2000004c   Data           4  main.o(.data)
    one_step_sti                             0x20000050   Data           4  main.o(.data)
    gain_uiAdc8320Value_stain_e              0x20000054   Data           4  main.o(.data)
    previous_sumdata                         0x20000058   Data           4  main.o(.data)
    coef_a                                   0x2000005c   Data           4  main.o(.data)
    coef_b                                   0x20000060   Data           4  main.o(.data)
    coef_c                                   0x20000064   Data           4  main.o(.data)
    coef_d                                   0x20000068   Data           4  main.o(.data)
    coef_f                                   0x2000006c   Data           4  main.o(.data)
    uiAdc8320Value_Hz                        0x20000070   Data           4  main.o(.data)
    gain_uiAdc8320Value                      0x20000074   Data           4  main.o(.data)
    uiAdc8320Value_f                         0x20000078   Data           4  main.o(.data)
    uiAdc8320Value_ac                        0x2000007c   Data           4  main.o(.data)
    uiAdc8320Value_f_offset                  0x20000080   Data           4  main.o(.data)
    uiAdc8320Value_Hz_1                      0x20000084   Data           4  main.o(.data)
    time_ms                                  0x20000088   Data           4  main.o(.data)
    stain_e                                  0x2000008c   Data           4  main.o(.data)
    typeSgain_uiAdc8320Value                 0x20000090   Data           4  main.o(.data)
    uiAdc8320Value_Hz_mean_STD               0x20000094   Data           4  main.o(.data)
    uiAdc8320Value_Hz_mean                   0x20000098   Data           4  main.o(.data)
    Hz_out_of_mean                           0x2000009c   Data           4  main.o(.data)
    Hz_out_of_mean_STD                       0x200000a0   Data           4  main.o(.data)
    Hz_out_of_mean_1                         0x200000a4   Data           4  main.o(.data)
    u32InitCount                             0x200000a8   Data           4  main.o(.data)
    g_u32AdcIntFlag                          0x200000ac   Data           4  main.o(.data)
    n_counter                                0x200000b0   Data           4  main.o(.data)
    n_max_counter                            0x200000b4   Data           4  main.o(.data)
    Hz_data                                  0x200000b8   Data           4  main.o(.data)
    uiAdc8320Value                           0x200000bc   Data           4  main.o(.data)
    typeS_uiAdc8320Value                     0x200000c0   Data           4  main.o(.data)
    uiAdc8320Value_offset                    0x200000c4   Data           4  main.o(.data)
    u32iPortStatus                           0x200000c8   Data           4  main.o(.data)
    uiTimerCounter                           0x200000cc   Data           4  main.o(.data)
    while_counter                            0x200000d0   Data           4  main.o(.data)
    u32iOutputVoltage                        0x200000d4   Data           4  main.o(.data)
    uart_BR                                  0x200000d8   Data           4  main.o(.data)
    AD_data                                  0x200000dc   Data           4  main.o(.data)
    gucOutputVoltage                         0x200000e0   Data           4  main.o(.data)
    uiAdc8320Value_ff                        0x200000e4   Data           4  main.o(.data)
    DC_12V_AD_data                           0x200000e8   Data           4  main.o(.data)
    thermal_AD_data                          0x200000ec   Data           4  main.o(.data)
    bat_AD_data                              0x200000f0   Data           4  main.o(.data)
    min_freq_timer                           0x200000f4   Data           4  main.o(.data)
    max_freq_timer                           0x200000f8   Data           4  main.o(.data)
    min_freq                                 0x200000fc   Data           4  main.o(.data)
    max_freq                                 0x20000100   Data           4  main.o(.data)
    algo_x_counter                           0x20000104   Data           4  main.o(.data)
    u32_address_to_save_to_eeprom            0x20000108   Data           4  main.o(.data)
    swing_flag                               0x2000010c   Data           4  main.o(.data)
    u32Eint0Counter                          0x20000110   Data           4  main.o(.data)
    u32Eint0SaveCounter                      0x20000114   Data           4  main.o(.data)
    u32ScanRateInSecond                      0x20000118   Data           4  main.o(.data)
    u32SaveRateInSecond                      0x2000011c   Data           4  main.o(.data)
    save_eeprom_address_counter              0x20000120   Data           5  main.o(.data)
    gucGainTable                             0x20000125   Data           8  main.o(.data)
    g_au32HzMaxMin                           0x20000130   Data           8  main.o(.data)
    RTC_register_map                         0x20000138   Data           8  main.o(.data)
    gfloatGainTable                          0x20000140   Data          24  main.o(.data)
    guiTimer0Period                          0x20000158   Data         228  main.o(.data)
    __stdout                                 0x2000023c   Data           4  retarget.o(.data)
    previous_4_times_data_mean               0x20000244   Data          64  main.o(.bss)
    g_u8RecData                              0x20000284   Data          64  main.o(.bss)
    g_u8CommandData                          0x200002c4   Data          64  main.o(.bss)
    g_au32TMRINTCount                        0x20000304   Data          16  main.o(.bss)
    previous_data                            0x20000314   Data         640  main.o(.bss)
    Raw_data                                 0x20000594   Data         640  main.o(.bss)
    g_au32TMR1Count                          0x20000814   Data        1200  main.o(.bss)
    gucI2CBuffer                             0x20000cc4   Data          65  main.o(.bss)
    union_Set_Operation_Mode_Command         0x20000d05   Data          54  main.o(.bss)
    union_One_Measured_Data                  0x20000d3b   Data         177  main.o(.bss)
    __initial_sp                             0x20000ff0   Data           0  startup_m051series.o(STACK)



==============================================================================

Memory Map of the image

  Image Entry point : 0x000000d5

  Load Region LR_1 (Base: 0x00000000, Size: 0x000055d4, Max: 0xffffffff, ABSOLUTE)

    Execution Region ER_RO (Base: 0x00000000, Size: 0x00005390, Max: 0xffffffff, ABSOLUTE)

    Base Addr    Size         Type   Attr      Idx    E Section Name        Object

    0x00000000   0x000000c0   Data   RO          104    RESET               startup_m051series.o
    0x000000c0   0x00000000   Code   RO         1115  * .ARM.Collect$$$$00000000  mc_p.l(entry.o)
    0x000000c0   0x00000004   Code   RO         1442    .ARM.Collect$$$$00000001  mc_p.l(entry2.o)
    0x000000c4   0x00000004   Code   RO         1445    .ARM.Collect$$$$00000004  mc_p.l(entry5.o)
    0x000000c8   0x00000000   Code   RO         1447    .ARM.Collect$$$$00000008  mc_p.l(entry7b.o)
    0x000000c8   0x00000000   Code   RO         1449    .ARM.Collect$$$$0000000A  mc_p.l(entry8b.o)
    0x000000c8   0x00000008   Code   RO         1450    .ARM.Collect$$$$0000000B  mc_p.l(entry9a.o)
    0x000000d0   0x00000000   Code   RO         1452    .ARM.Collect$$$$0000000D  mc_p.l(entry10a.o)
    0x000000d0   0x00000000   Code   RO         1454    .ARM.Collect$$$$0000000F  mc_p.l(entry11a.o)
    0x000000d0   0x00000004   Code   RO         1443    .ARM.Collect$$$$00002712  mc_p.l(entry2.o)
    0x000000d4   0x0000004c   Code   RO          105  * .text               startup_m051series.o
    0x00000120   0x0000002c   Code   RO         1116    .text               mc_p.l(uidiv.o)
    0x0000014c   0x00000028   Code   RO         1118    .text               mc_p.l(idiv.o)
    0x00000174   0x00000024   Code   RO         1120    .text               mc_p.l(memcpya.o)
    0x00000198   0x000000b2   Code   RO         1385    .text               mf_p.l(fadd.o)
    0x0000024a   0x0000007a   Code   RO         1387    .text               mf_p.l(fmul.o)
    0x000002c4   0x0000007c   Code   RO         1389    .text               mf_p.l(fdiv.o)
    0x00000340   0x00000018   Code   RO         1391    .text               mf_p.l(fscalb.o)
    0x00000358   0x00000164   Code   RO         1393    .text               mf_p.l(dadd.o)
    0x000004bc   0x000000d0   Code   RO         1395    .text               mf_p.l(dmul.o)
    0x0000058c   0x000000f0   Code   RO         1397    .text               mf_p.l(ddiv.o)
    0x0000067c   0x00000016   Code   RO         1399    .text               mf_p.l(fflti.o)
    0x00000692   0x0000000e   Code   RO         1401    .text               mf_p.l(ffltui.o)
    0x000006a0   0x00000028   Code   RO         1403    .text               mf_p.l(dflti.o)
    0x000006c8   0x0000001c   Code   RO         1405    .text               mf_p.l(dfltui.o)
    0x000006e4   0x00000032   Code   RO         1407    .text               mf_p.l(ffixi.o)
    0x00000716   0x00000028   Code   RO         1409    .text               mf_p.l(ffixui.o)
    0x0000073e   0x00000002   PAD
    0x00000740   0x0000003c   Code   RO         1411    .text               mf_p.l(dfixui.o)
    0x0000077c   0x00000028   Code   RO         1413    .text               mf_p.l(f2d.o)
    0x000007a4   0x00000028   Code   RO         1415    .text               mf_p.l(cdrcmple.o)
    0x000007cc   0x00000038   Code   RO         1417    .text               mf_p.l(d2f.o)
    0x00000804   0x00000014   Code   RO         1419    .text               mf_p.l(cfcmple.o)
    0x00000818   0x00000014   Code   RO         1421    .text               mf_p.l(cfrcmple.o)
    0x0000082c   0x00000060   Code   RO         1456    .text               mc_p.l(uldiv.o)
    0x0000088c   0x00000020   Code   RO         1458    .text               mc_p.l(llshl.o)
    0x000008ac   0x00000022   Code   RO         1460    .text               mc_p.l(llushr.o)
    0x000008ce   0x00000026   Code   RO         1462    .text               mc_p.l(llsshr.o)
    0x000008f4   0x00000000   Code   RO         1471    .text               mc_p.l(iusefp.o)
    0x000008f4   0x00000082   Code   RO         1472    .text               mf_p.l(fepilogue.o)
    0x00000976   0x000000be   Code   RO         1474    .text               mf_p.l(depilogue.o)
    0x00000a34   0x0000002c   Code   RO         1478    .text               mf_p.l(dscalb.o)
    0x00000a60   0x000000a2   Code   RO         1480    .text               mf_p.l(dsqrt.o)
    0x00000b02   0x00000002   PAD
    0x00000b04   0x00000040   Code   RO         1482    .text               mf_p.l(dfixul.o)
    0x00000b44   0x00000024   Code   RO         1486    .text               mc_p.l(init.o)
    0x00000b68   0x0000002c   Code   RO         1043    i.ADC_DisableInt    adc.o
    0x00000b94   0x0000002c   Code   RO         1045    i.ADC_EnableInt     adc.o
    0x00000bc0   0x00000014   Code   RO          111    i.ADC_IRQHandler    main.o
    0x00000bd4   0x00000024   Code   RO         1046    i.ADC_Open          adc.o
    0x00000bf8   0x000001f4   Code   RO          112    i.AdcSingleModeTest  main.o
    0x00000dec   0x0000001c   Code   RO          668    i.CLK_EnableModuleClock  clk.o
    0x00000e08   0x00000058   Code   RO          556    i.CLK_GetPLLClockFreq  uart.o
    0x00000e60   0x00000050   Code   RO          678    i.CLK_SetModuleClock  clk.o
    0x00000eb0   0x00000024   Code   RO          113    i.CLK_SysTickDelay  main.o
    0x00000ed4   0x00000024   Code   RO          680    i.CLK_WaitClockReady  clk.o
    0x00000ef8   0x00000020   Code   RO          114    i.COPY_UART_COMMAND_DATA  main.o
    0x00000f18   0x000000dc   Code   RO          115    i.Check_RTC_Dat     main.o
    0x00000ff4   0x00000040   Code   RO          116    i.EINT0_IRQHandler  main.o
    0x00001034   0x0000001a   Code   RO          512    i.GPIO_EnableInt    gpio.o
    0x0000104e   0x00000028   Code   RO          513    i.GPIO_SetMode      gpio.o
    0x00001076   0x00000002   PAD
    0x00001078   0x00000118   Code   RO          117    i.I2C_24CM02_ReadData  main.o
    0x00001190   0x000000d0   Code   RO          118    i.I2C_24CM02_WriteData  main.o
    0x00001260   0x00000014   Code   RO          119    i.I2C_Init          main.o
    0x00001274   0x00000038   Code   RO          931    i.I2C_Open          i2c.o
    0x000012ac   0x000000ec   Code   RO          120    i.I2C_ReadData      main.o
    0x00001398   0x000000a4   Code   RO          121    i.I2C_WriteData     main.o
    0x0000143c   0x00000058   Code   RO          122    i.Inital_RTC_To_ADCII  main.o
    0x00001494   0x00000014   Code   RO          123    i.NVIC_EnableIRQ    main.o
    0x000014a8   0x0000002c   Code   RO          124    i.RESET_Gain        main.o
    0x000014d4   0x00000014   Code   RO          125    i.Read_RTC_Data     main.o
    0x000014e8   0x00000028   Code   RO          126    i.SET_Gain          main.o
    0x00001510   0x000000c8   Code   RO          127    i.SYS_Init          main.o
    0x000015d8   0x0000000e   Code   RO          789    i.SYS_ResetCPU      sys.o
    0x000015e6   0x0000001c   Code   RO          791    i.SYS_ResetModule   sys.o
    0x00001602   0x00000002   PAD
    0x00001604   0x00000020   Code   RO          128    i.SYS_UnlockReg     main.o
    0x00001624   0x00000020   Code   RO          437    i.SendChar_ToUART   retarget.o
    0x00001644   0x00000090   Code   RO            3    i.SystemCoreClockUpdate  system_m051series.o
    0x000016d4   0x00000002   Code   RO            4    i.SystemInit        system_m051series.o
    0x000016d6   0x00000008   Code   RO          856    i.TIMER_Close       timer.o
    0x000016de   0x0000000c   Code   RO          859    i.TIMER_DisableEventCounter  timer.o
    0x000016ea   0x00000014   Code   RO          860    i.TIMER_EnableCapture  timer.o
    0x000016fe   0x00000016   Code   RO          861    i.TIMER_EnableEventCounter  timer.o
    0x00001714   0x00000068   Code   RO          862    i.TIMER_GetModuleClock  timer.o
    0x0000177c   0x0000005e   Code   RO          863    i.TIMER_Open        timer.o
    0x000017da   0x00000002   PAD
    0x000017dc   0x00000208   Code   RO          129    i.TMR0_IRQHandler   main.o
    0x000019e4   0x0000005c   Code   RO          130    i.TMR1_IRQHandler   main.o
    0x00001a40   0x00000078   Code   RO          131    i.Transfer_RTC_To_ADCII  main.o
    0x00001ab8   0x00000068   Code   RO          132    i.Transfer_SAVE_COUNT_ADCII  main.o
    0x00001b20   0x00000008   Code   RO          133    i.UART0_IRQHandler  main.o
    0x00001b28   0x00000050   Code   RO          134    i.UART0_Init        main.o
    0x00001b78   0x0000007c   Code   RO          563    i.UART_Open         uart.o
    0x00001bf4   0x000003fc   Code   RO          135    i.UART_TEST_HANDLE  main.o
    0x00001ff0   0x00000020   Code   RO         1357    i.__0printf         mc_p.l(printfa.o)
    0x00002010   0x0000002e   Code   RO         1476    i.__ARM_clz         mf_p.l(depilogue.o)
    0x0000203e   0x00000002   PAD
    0x00002040   0x0000002c   Code   RO         1437    i.__ARM_fpclassify  m_ps.l(fpclassify.o)
    0x0000206c   0x000000ac   Code   RO         1439    i.__kernel_poly     m_ps.l(poly.o)
    0x00002118   0x00000014   Code   RO         1423    i.__mathlib_dbl_divzero  m_ps.l(dunder.o)
    0x0000212c   0x00000008   Code   RO         1425    i.__mathlib_dbl_infnan2  m_ps.l(dunder.o)
    0x00002134   0x00000010   Code   RO         1426    i.__mathlib_dbl_invalid  m_ps.l(dunder.o)
    0x00002144   0x00000014   Code   RO         1427    i.__mathlib_dbl_overflow  m_ps.l(dunder.o)
    0x00002158   0x00000014   Code   RO         1429    i.__mathlib_dbl_underflow  m_ps.l(dunder.o)
    0x0000216c   0x0000000e   Code   RO         1490    i.__scatterload_copy  mc_p.l(handlers.o)
    0x0000217a   0x00000002   Code   RO         1491    i.__scatterload_null  mc_p.l(handlers.o)
    0x0000217c   0x0000000e   Code   RO         1492    i.__scatterload_zeroinit  mc_p.l(handlers.o)
    0x0000218a   0x00000002   PAD
    0x0000218c   0x0000000c   Code   RO         1466    i.__set_errno       mc_p.l(errno.o)
    0x00002198   0x00000158   Code   RO         1364    i._fp_digits        mc_p.l(printfa.o)
    0x000022f0   0x000006ec   Code   RO         1365    i._printf_core      mc_p.l(printfa.o)
    0x000029dc   0x00000020   Code   RO         1366    i._printf_post_padding  mc_p.l(printfa.o)
    0x000029fc   0x0000002c   Code   RO         1367    i._printf_pre_padding  mc_p.l(printfa.o)
    0x00002a28   0x00000020   Code   RO          136    i.check_command_set_data  main.o
    0x00002a48   0x0000000c   Code   RO          137    i.delay_time        main.o
    0x00002a54   0x0000000c   Code   RO          441    i.fputc             retarget.o
    0x00002a60   0x00000014   Code   RO          138    i.init_ext_ad       main.o
    0x00002a74   0x0000008c   Code   RO          139    i.initial_command_set_data  main.o
    0x00002b00   0x0000006c   Code   RO          140    i.initial_measured_data  main.o
    0x00002b6c   0x00001a24   Code   RO          141    i.main              main.o
    0x00004590   0x000009fc   Code   RO         1098    i.pow               m_ps.l(pow.o)
    0x00004f8c   0x00000014   Code   RO          143    i.read_eeprom_command_set  main.o
    0x00004fa0   0x00000070   Code   RO          144    i.read_ext_adc      main.o
    0x00005010   0x00000074   Code   RO          145    i.read_measured_data_from_eeprom  main.o
    0x00005084   0x00000014   Code   RO          146    i.read_save_eeprom_address  main.o
    0x00005098   0x00000068   Code   RO          147    i.save_measured_data_to_eeprom  main.o
    0x00005100   0x00000048   Code   RO         1108    i.sqrt              m_ps.l(sqrt.o)
    0x00005148   0x0000002e   Code   RO          148    i.transfer_command_to_variables  main.o
    0x00005176   0x00000002   PAD
    0x00005178   0x000000a8   Code   RO          149    i.update_RTC_from_uart  main.o
    0x00005220   0x00000024   Code   RO          150    i.update_command_from_uart  main.o
    0x00005244   0x00000014   Code   RO          151    i.write_eeprom_command_set  main.o
    0x00005258   0x00000014   Code   RO          152    i.write_save_eeprom_address  main.o
    0x0000526c   0x00000020   Data   RO            5    .constdata          system_m051series.o
    0x0000528c   0x00000030   Data   RO          571    .constdata          uart.o
    0x000052bc   0x00000020   Data   RO          864    .constdata          timer.o
    0x000052dc   0x00000004   PAD
    0x000052e0   0x00000088   Data   RO         1099    .constdata          m_ps.l(pow.o)
    0x00005368   0x00000008   Data   RO         1441    .constdata          m_ps.l(qnan.o)
    0x00005370   0x00000020   Data   RO         1488    Region$$Table       anon$$obj.o


    Execution Region ER_RW (Base: 0x20000000, Size: 0x00000244, Max: 0xffffffff, ABSOLUTE)

    Base Addr    Size         Type   Attr      Idx    E Section Name        Object

    0x20000000   0x0000000c   Data   RW            6    .data               system_m051series.o
    0x2000000c   0x00000230   Data   RW          155    .data               main.o
    0x2000023c   0x00000004   Data   RW          443    .data               retarget.o
    0x20000240   0x00000004   Data   RW         1467    .data               mc_p.l(errno.o)


    Execution Region ER_ZI (Base: 0x20000244, Size: 0x00000dac, Max: 0xffffffff, ABSOLUTE)

    Base Addr    Size         Type   Attr      Idx    E Section Name        Object

    0x20000244   0x00000ba8   Zero   RW          153    .bss                main.o
    0x20000dec   0x00000004   PAD
    0x20000df0   0x00000200   Zero   RW          102    STACK               startup_m051series.o


==============================================================================

Image component sizes


      Code (inc. data)   RO Data    RW Data    ZI Data      Debug   Object Name

       124         20          0          0          0       1968   adc.o
       144         16          0          0          0       2251   clk.o
        66          0          0          0          0      52024   gpio.o
        56          6          0          0          0        887   i2c.o
     11834       1710          0        560       2984      58568   main.o
        44          6          0          4          0       2977   retarget.o
        76         32        192          0        512        688   startup_m051series.o
        42          0          0          0          0        881   sys.o
       146         28         32         12          0      63431   system_m051series.o
       260         22         32          0          0       3887   timer.o
       212         36         48          0          0       1904   uart.o

    ----------------------------------------------------------------------
     13012       1876        340        576       3500     189466   Object Totals
         0          0         32          0          0          0   (incl. Generated)
         8          0          4          0          4          0   (incl. Padding)

    ----------------------------------------------------------------------

      Code (inc. data)   RO Data    RW Data    ZI Data      Debug   Library Member Name

        84         14          0          0          0        340   dunder.o
        44          4          0          0          0         60   fpclassify.o
       172          0          0          0          0         76   poly.o
      2556        196        136          0          0        240   pow.o
         0          0          8          0          0          0   qnan.o
        72          6          0          0          0         76   sqrt.o
         0          0          0          0          0          0   entry.o
         0          0          0          0          0          0   entry10a.o
         0          0          0          0          0          0   entry11a.o
         8          4          0          0          0          0   entry2.o
         4          0          0          0          0          0   entry5.o
         0          0          0          0          0          0   entry7b.o
         0          0          0          0          0          0   entry8b.o
         8          4          0          0          0          0   entry9a.o
        12          6          0          4          0         60   errno.o
        30          0          0          0          0          0   handlers.o
        40          0          0          0          0         72   idiv.o
        36          8          0          0          0         68   init.o
         0          0          0          0          0          0   iusefp.o
        32          0          0          0          0         68   llshl.o
        38          0          0          0          0         68   llsshr.o
        34          0          0          0          0         68   llushr.o
        36          0          0          0          0         60   memcpya.o
      2224         98          0          0          0        412   printfa.o
        44          0          0          0          0         72   uidiv.o
        96          0          0          0          0         84   uldiv.o
        40          2          0          0          0         68   cdrcmple.o
        20          0          0          0          0         68   cfcmple.o
        20          0          0          0          0         68   cfrcmple.o
        56          0          0          0          0         68   d2f.o
       356          4          0          0          0        140   dadd.o
       240          6          0          0          0         84   ddiv.o
       236          0          0          0          0        216   depilogue.o
        60         10          0          0          0         68   dfixui.o
        64         10          0          0          0         68   dfixul.o
        40          6          0          0          0         68   dflti.o
        28          4          0          0          0         68   dfltui.o
       208          6          0          0          0         88   dmul.o
        44          0          0          0          0         72   dscalb.o
       162          0          0          0          0         80   dsqrt.o
        40          0          0          0          0         60   f2d.o
       178          0          0          0          0        108   fadd.o
       124          0          0          0          0         72   fdiv.o
       130          0          0          0          0        144   fepilogue.o
        50          0          0          0          0         60   ffixi.o
        40          0          0          0          0         60   ffixui.o
        22          0          0          0          0         68   fflti.o
        14          0          0          0          0         68   ffltui.o
       122          0          0          0          0         72   fmul.o
        24          0          0          0          0         60   fscalb.o

    ----------------------------------------------------------------------
      7896        388        144          4          0       3820   Library Totals
         8          0          0          0          0          0   (incl. Padding)

    ----------------------------------------------------------------------

      Code (inc. data)   RO Data    RW Data    ZI Data      Debug   Library Name

      2928        220        144          0          0        792   m_ps.l
      2642        120          0          4          0       1032   mc_p.l
      2318         48          0          0          0       1996   mf_p.l

    ----------------------------------------------------------------------
      7896        388        144          4          0       3820   Library Totals

    ----------------------------------------------------------------------

==============================================================================


      Code (inc. data)   RO Data    RW Data    ZI Data      Debug   

     20908       2264        484        580       3500     188662   Grand Totals
     20908       2264        484        580       3500     188662   ELF Image Totals
     20908       2264        484        580          0          0   ROM Totals

==============================================================================

    Total RO  Size (Code + RO Data)                21392 (  20.89kB)
    Total RW  Size (RW Data + ZI Data)              4080 (   3.98kB)
    Total ROM Size (Code + RO Data + RW Data)      21972 (  21.46kB)

==============================================================================

