<html>
<body>
<pre>
<h1>µVision Build Log</h1>
<h2>Tool Versions:</h2>
IDE-Version: £gVision V5.17.0.0
Copyright (C) 2015 ARM Ltd and ARM Germany GmbH. All rights reserved.
License Information: jared chien, geotech, LIC=P6F63-AR331-ZEYH2-9S87V-VEYBD-YPHKU
 
Tool Versions:
Toolchain:       MDK-ARM Professional  Version: 5.16a
Toolchain Path:  C:\Keil_v5\ARM\ARMCC\Bin
C Compiler:      Armcc.exe V5.06 (build 20)
Assembler:       Armasm.exe V5.06 (build 20)
Linker/Locator:  ArmLink.exe V5.06 (build 20)
Library Manager: ArmAr.exe V5.06 (build 20)
Hex Converter:   FromElf.exe V5.06 (build 20)
CPU DLL:         SARMCM3.DLL V5.16a
Dialog DLL:      DARMCM1.DLL V1.12.0.0
Target DLL:      NULink\Nu_Link.dll V1.29
Dialog DLL:      TARMCM1.DLL V1.9.0.0
 
<h2>Project:</h2>
D:\Minilog_VWcode\Minilogger_1004\minilog\KEIL\automeasure.uvprojx
Project File Date:  09/21/2017

<h2>Output:</h2>
*** Using Compiler 'V5.06 (build 20)', folder: 'C:\Keil_v5\ARM\ARMCC\Bin'
Rebuild target 'GPIO_OutputInput'
creating preprocessor file for system_M051Series.c...
assembling startup_M051Series.s...
creating preprocessor file for main.c...
creating preprocessor file for retarget.c...
compiling system_M051Series.c...
creating preprocessor file for gpio.c...
compiling retarget.c...
creating preprocessor file for uart.c...
compiling gpio.c...
creating preprocessor file for clk.c...
compiling uart.c...
compiling clk.c...
creating preprocessor file for sys.c...
creating preprocessor file for timer.c...
compiling sys.c...
creating preprocessor file for i2c.c...
compiling timer.c...
creating preprocessor file for adc.c...
compiling main.c...
..\main.c(2911): warning:  #174-D: expression has no effect
  						i,j,kk=0;
..\main.c(2911): warning:  #174-D: expression has no effect
  						i,j,kk=0;
..\main.c: 2 warnings, 0 errors
compiling i2c.c...
compiling adc.c...
linking...
Program Size: Code=20908 RO-data=484 RW-data=580 ZI-data=3500  
FromELF: creating hex file...
After Build - User command #1: fromelf --bin ".\obj\automeasure.axf" --output ".\obj\automeasure.bin"
After Build - User command #2: fromelf --text -c ".\obj\automeasure.axf" --output ".\obj\automeasure.txt"
".\obj\automeasure.axf" - 0 Error(s), 2 Warning(s).

<h2>Collection of Component include folders:</h2>
  D:\Minilog_VWcode\Minilogger_1004\minilog\KEIL\RTE
  C:\Keil_v5\ARM\PACK\Nuvoton\NuMicro_DFP\1.0.9\Device\M051\Include

<h2>Collection of Component Files used:</h2>
Build Time Elapsed:  00:00:04
</pre>
</body>
</html>
